2022-06-24 12:41:17.230 T:31366    INFO <general>: VAAPI::Close - closing decoder context
2022-06-24 12:41:17.235 T:31366    INFO <general>: Creating video codec with codec id: 27
2022-06-24 12:41:17.235 T:31366    INFO <general>: CDVDVideoCodecFFmpeg::Open() Using codec: H.264 / AVC / MPEG-4 AVC / MPEG-4 part 10
2022-06-24 12:41:17.235 T:31366   DEBUG <general>: CDVDVideoCodecFFmpeg - Updated codec: ff-h264
2022-06-24 12:41:17.262 T:31360   DEBUG <general>: AddOnLog: inputstream.adaptive: Download finished: https://m-content-viki.s.llnwi.net/1188760v/dash/1188760v_dash_high_1080p_drm_444acc_2111061709-audio-und-mp4a.mp4 (downloaded 9608 byte, speed 240200.00 byte/s)
2022-06-24 12:41:17.262 T:31360   DEBUG <general>: AddOnLog: inputstream.adaptive: Build segments from SIDX atom...
2022-06-24 12:41:17.263 T:31360   DEBUG <general>: CCurlFile::ParseAndCorrectUrl - <https://m-content-viki.s.llnwi.net/1188760v/dash/1188760v_dash_high_1080p_drm_444acc_2111061709-audio-und-mp4a.mp4|Origin=https%3a%2f%2fwww.viki.com&Range=bytes%3d0-1828&Referer=https%3a%2f%2fwww.viki.com&User-Agent=Mozilla%2f5.0%20(Macintosh%3b%20MacOS%20X10_14_3%3b%20rv%3b93.0)%20Gecko%2f20100101%20Firefox%2f93.0&acceptencoding=gzip%2c%20deflate&connection=keep-alive&failonerror=false&seekable=0> Adding custom header option 'Origin: https://www.viki.com'
2022-06-24 12:41:17.263 T:31360   DEBUG <general>: CCurlFile::ParseAndCorrectUrl - <https://m-content-viki.s.llnwi.net/1188760v/dash/1188760v_dash_high_1080p_drm_444acc_2111061709-audio-und-mp4a.mp4|Origin=https%3a%2f%2fwww.viki.com&Range=bytes%3d0-1828&Referer=https%3a%2f%2fwww.viki.com&User-Agent=Mozilla%2f5.0%20(Macintosh%3b%20MacOS%20X10_14_3%3b%20rv%3b93.0)%20Gecko%2f20100101%20Firefox%2f93.0&acceptencoding=gzip%2c%20deflate&connection=keep-alive&failonerror=false&seekable=0> Adding custom header option 'Range: bytes=0-1828'
2022-06-24 12:41:17.263 T:31360   DEBUG <general>: CCurlFile::ParseAndCorrectUrl - <https://m-content-viki.s.llnwi.net/1188760v/dash/1188760v_dash_high_1080p_drm_444acc_2111061709-audio-und-mp4a.mp4|Origin=https%3a%2f%2fwww.viki.com&Range=bytes%3d0-1828&Referer=https%3a%2f%2fwww.viki.com&User-Agent=Mozilla%2f5.0%20(Macintosh%3b%20MacOS%20X10_14_3%3b%20rv%3b93.0)%20Gecko%2f20100101%20Firefox%2f93.0&acceptencoding=gzip%2c%20deflate&connection=keep-alive&failonerror=false&seekable=0> Adding custom header option 'connection: keep-alive'
2022-06-24 12:41:17.263 T:31360   DEBUG <general>: CurlFile::Open - <https://m-content-viki.s.llnwi.net/1188760v/dash/1188760v_dash_high_1080p_drm_444acc_2111061709-audio-und-mp4a.mp4>
2022-06-24 12:41:17.293 T:31360   DEBUG <general>: AddOnLog: inputstream.adaptive: Download finished: https://m-content-viki.s.llnwi.net/1188760v/dash/1188760v_dash_high_1080p_drm_444acc_2111061709-audio-und-mp4a.mp4 (downloaded 1829 byte, speed 60966.00 byte/s)
2022-06-24 12:41:17.294 T:31360   DEBUG <general>: AddOnLog: inputstream.adaptive: UpdateSampleDescription: codec 1836069985
2022-06-24 12:41:17.294 T:31360   DEBUG <general>: AddOnLog: inputstream.adaptive: GetStream(1002)
2022-06-24 12:41:17.294 T:31360   DEBUG <general>: CDVDDemuxClient::RequestStream(): added/updated stream 1002 with codec_id 86018
2022-06-24 12:41:17.294 T:31360    INFO <general>: Finding audio codec for: 86018
2022-06-24 12:41:17.294 T:31360    INFO <general>: CDVDAudioCodecFFmpeg::Open() Successful opened audio decoder aac
2022-06-24 12:41:17.294 T:31360    INFO <general>: Opening stream: 1017 source: 256
2022-06-24 12:41:17.294 T:31360   DEBUG <general>: AddOnLog: inputstream.adaptive: OpenStream(1017)
2022-06-24 12:41:17.295 T:31360   DEBUG <general>: CurlFile::Open - <https://api.viki.io/v4/videos/1188760v/auth_subtitles/fr.vtt?app=100005a&stream_id=107532480>
2022-06-24 12:41:17.304 T:31368   DEBUG <general>: CVideoPlayerAudio - CDVDMsg::GENERAL_PAUSE: false
2022-06-24 12:41:17.304 T:31368   DEBUG <general>: CDVDAudio::Pause - pausing audio stream
2022-06-24 12:41:17.365 T:31360   DEBUG <general>: AddOnLog: inputstream.adaptive: GetStream(1017)
2022-06-24 12:41:17.365 T:31360   DEBUG <general>: CDVDDemuxClient::RequestStream(): added/updated stream 1017 with codec_id 96265
2022-06-24 12:41:17.365 T:31360    INFO <general>: CDVDSubtitlesLibass: Using libass version 1600000
2022-06-24 12:41:17.365 T:31360    INFO <general>: CDVDSubtitlesLibass: Creating ASS library structure
2022-06-24 12:41:17.365 T:31360    INFO <general>: CDVDSubtitlesLibass: Initializing ASS Renderer
2022-06-24 12:41:17.365 T:31360   DEBUG <general>: CDVDSubtitlesLibass: [ass] libass API version: 0x1600000
2022-06-24 12:41:17.365 T:31360   DEBUG <general>: CDVDSubtitlesLibass: [ass] libass source: tarball: 0.16.0
2022-06-24 12:41:17.365 T:31360   DEBUG <general>: CDVDSubtitlesLibass: [ass] Shaper: FriBidi 1.0.8 (SIMPLE) HarfBuzz-ng 2.9.1 (COMPLEX)
2022-06-24 12:41:17.366 T:31360    INFO <general>: CDVDSubtitlesLibass: Initializing ASS library font settings
2022-06-24 12:41:17.388 T:31360   DEBUG <general>: CDVDSubtitlesLibass: [ass] Using font provider fontconfig
2022-06-24 12:41:17.389 T:31360    INFO <general>: CDVDSubtitlesLibass: Creating new ASS track
2022-06-24 12:41:17.389 T:31360   DEBUG <general>: Created subtitles overlay codec: WebVTT Subtitle Decoder
2022-06-24 12:41:17.389 T:31360   DEBUG <general>: CVideoPlayer::HandleMessages - player 2 reported state: 0
2022-06-24 12:41:17.389 T:31360   DEBUG <general>: CVideoPlayer::HandleMessages - player 1 reported state: 0
2022-06-24 12:41:17.389 T:31287   DEBUG <general>: OnAVChange: CApplication::OnAVChange
2022-06-24 12:41:17.390 T:31799   DEBUG <general>: CCurlFile::ParseAndCorrectUrl - <https://m-content-viki.s.llnwi.net/1188760v/dash/1188760v_dash_high_1080p_drm_444acc_2111061709-video-avc1.mp4|Origin=https%3a%2f%2fwww.viki.com&Range=bytes%3d11520-1993595&Referer=https%3a%2f%2fwww.viki.com&User-Agent=Mozilla%2f5.0%20(Macintosh%3b%20MacOS%20X10_14_3%3b%20rv%3b93.0)%20Gecko%2f20100101%20Firefox%2f93.0&acceptencoding=gzip%2c%20deflate&connection=keep-alive&failonerror=false&seekable=0> Adding custom header option 'Origin: https://www.viki.com'
2022-06-24 12:41:17.390 T:31799   DEBUG <general>: CCurlFile::ParseAndCorrectUrl - <https://m-content-viki.s.llnwi.net/1188760v/dash/1188760v_dash_high_1080p_drm_444acc_2111061709-video-avc1.mp4|Origin=https%3a%2f%2fwww.viki.com&Range=bytes%3d11520-1993595&Referer=https%3a%2f%2fwww.viki.com&User-Agent=Mozilla%2f5.0%20(Macintosh%3b%20MacOS%20X10_14_3%3b%20rv%3b93.0)%20Gecko%2f20100101%20Firefox%2f93.0&acceptencoding=gzip%2c%20deflate&connection=keep-alive&failonerror=false&seekable=0> Adding custom header option 'Range: bytes=11520-1993595'
2022-06-24 12:41:17.390 T:31799   DEBUG <general>: CCurlFile::ParseAndCorrectUrl - <https://m-content-viki.s.llnwi.net/1188760v/dash/1188760v_dash_high_1080p_drm_444acc_2111061709-video-avc1.mp4|Origin=https%3a%2f%2fwww.viki.com&Range=bytes%3d11520-1993595&Referer=https%3a%2f%2fwww.viki.com&User-Agent=Mozilla%2f5.0%20(Macintosh%3b%20MacOS%20X10_14_3%3b%20rv%3b93.0)%20Gecko%2f20100101%20Firefox%2f93.0&acceptencoding=gzip%2c%20deflate&connection=keep-alive&failonerror=false&seekable=0> Adding custom header option 'connection: keep-alive'
2022-06-24 12:41:17.390 T:31799   DEBUG <general>: CurlFile::Open - <https://m-content-viki.s.llnwi.net/1188760v/dash/1188760v_dash_high_1080p_drm_444acc_2111061709-video-avc1.mp4>
2022-06-24 12:41:17.473 T:31299    INFO <general>: INFO: EMBY.hooks.player: [ onAVChange ]
2022-06-24 12:41:17.499 T:31301   DEBUG <general>: [Discord RP] Removing tags for: Happiness
2022-06-24 12:41:17.499 T:31301   DEBUG <general>: [Discord RP] Removed tags. Result: Happiness
2022-06-24 12:41:17.500 T:31301   DEBUG <general>: [Discord RP] Activity set: {'assets': {'large_image': 'https://kodi-richpresence.herokuapp.com/Happiness', 'large_text': 'Happiness'}, 'state': '1x02 Happiness', 'details': 'Happiness', 'timestamps': {'end': 1656071265}}
2022-06-24 12:41:17.657 T:31800   DEBUG <general>: CCurlFile::ParseAndCorrectUrl - <https://m-content-viki.s.llnwi.net/1188760v/dash/1188760v_dash_high_1080p_drm_444acc_2111061709-audio-und-mp4a.mp4|Origin=https%3a%2f%2fwww.viki.com&Range=bytes%3d11437-136281&Referer=https%3a%2f%2fwww.viki.com&User-Agent=Mozilla%2f5.0%20(Macintosh%3b%20MacOS%20X10_14_3%3b%20rv%3b93.0)%20Gecko%2f20100101%20Firefox%2f93.0&acceptencoding=gzip%2c%20deflate&connection=keep-alive&failonerror=false&seekable=0> Adding custom header option 'Origin: https://www.viki.com'
2022-06-24 12:41:17.657 T:31800   DEBUG <general>: CCurlFile::ParseAndCorrectUrl - <https://m-content-viki.s.llnwi.net/1188760v/dash/1188760v_dash_high_1080p_drm_444acc_2111061709-audio-und-mp4a.mp4|Origin=https%3a%2f%2fwww.viki.com&Range=bytes%3d11437-136281&Referer=https%3a%2f%2fwww.viki.com&User-Agent=Mozilla%2f5.0%20(Macintosh%3b%20MacOS%20X10_14_3%3b%20rv%3b93.0)%20Gecko%2f20100101%20Firefox%2f93.0&acceptencoding=gzip%2c%20deflate&connection=keep-alive&failonerror=false&seekable=0> Adding custom header option 'Range: bytes=11437-136281'
2022-06-24 12:41:17.658 T:31800   DEBUG <general>: CCurlFile::ParseAndCorrectUrl - <https://m-content-viki.s.llnwi.net/1188760v/dash/1188760v_dash_high_1080p_drm_444acc_2111061709-audio-und-mp4a.mp4|Origin=https%3a%2f%2fwww.viki.com&Range=bytes%3d11437-136281&Referer=https%3a%2f%2fwww.viki.com&User-Agent=Mozilla%2f5.0%20(Macintosh%3b%20MacOS%20X10_14_3%3b%20rv%3b93.0)%20Gecko%2f20100101%20Firefox%2f93.0&acceptencoding=gzip%2c%20deflate&connection=keep-alive&failonerror=false&seekable=0> Adding custom header option 'connection: keep-alive'
2022-06-24 12:41:17.658 T:31800   DEBUG <general>: CurlFile::Open - <https://m-content-viki.s.llnwi.net/1188760v/dash/1188760v_dash_high_1080p_drm_444acc_2111061709-audio-und-mp4a.mp4>
2022-06-24 12:41:17.666 T:31302   DEBUG <CAddonSettings[service.upnext]>: trying to load setting definitions from old format...
2022-06-24 12:41:17.982 T:31360   DEBUG <general>: Skipped 2 duplicate messages..
2022-06-24 12:41:17.982 T:31360   DEBUG <general>: CVideoPlayer::SetCaching - caching state 1
2022-06-24 12:41:17.982 T:31366   DEBUG <general>: CVideoPlayerVideo - Stillframe left, switching to normal playback
2022-06-24 12:41:17.983 T:31366   DEBUG <general>: libva info: VA-API version 1.14.0
2022-06-24 12:41:17.982 T:31360   DEBUG <general>: CDVDClock::SetSpeedAdjust - adjusted:0.000000
2022-06-24 12:41:17.983 T:31366   DEBUG <general>: libva info: Trying to open /usr/lib/x86_64-linux-gnu/dri/radeonsi_drv_video.so
2022-06-24 12:41:17.984 T:31366   DEBUG <general>: libva info: Found init function __vaDriverInit_1_7
2022-06-24 12:41:17.990 T:31368   DEBUG <general>: CDVDAudio::Pause - pausing audio stream
2022-06-24 12:41:17.990 T:31368   DEBUG <general>: CVideoPlayerAudio:: synctype set to 0: clock feedback
2022-06-24 12:41:17.996 T:31366   DEBUG <general>: libva info: va_openDriver() returns 0
2022-06-24 12:41:17.999 T:31825   DEBUG <general>: Thread Vaapi-Output start, auto delete: false
2022-06-24 12:41:17.999 T:31825    INFO <general>: COutput::OnStartup: Output Thread created
2022-06-24 12:41:17.999 T:31825    INFO <general>: VAAPI::SupportsFilter vaDeriveImage not supported by driver - ffmpeg postprocessing and CPU-copy rendering will not be available
2022-06-24 12:41:18.000 T:31366   DEBUG <general>: CDVDVideoCodecFFmpeg - Updated codec: ff-h264-vaapi
2022-06-24 12:41:18.072 T:31360   DEBUG <general>: CVideoPlayer::HandleMessages - player started 2
2022-06-24 12:41:18.081 T:31247   DEBUG <general>: ApplyStyle - Start setting up the LibAss style
2022-06-24 12:41:18.083 T:31247   DEBUG <general>: CDVDSubtitlesLibass: [ass] fontselect: (DejaVu Sans, 400, 0) -> DejaVuSans, 0, DejaVuSans
2022-06-24 12:41:18.095 T:31247   DEBUG <general>: CDVDSubtitlesLibass: [ass] fontselect: (DejaVu Sans, 400, 100) -> /usr/share/fonts/truetype/dejavu/DejaVuSans-Oblique.ttf, 0, DejaVuSans-Oblique
2022-06-24 12:41:18.109 T:31360   DEBUG <general>: CVideoPlayer::HandleMessages - player started 1
2022-06-24 12:41:18.109 T:31290   DEBUG <general>: OnAVChange: CApplication::OnAVChange
2022-06-24 12:41:18.110 T:31360   DEBUG <general>: VideoPlayer::Sync - Audio - pts: 298666.000000, cache: 465219.960650, totalcache: 750000.000000
2022-06-24 12:41:18.110 T:31360   DEBUG <general>: VideoPlayer::Sync - Video - pts: 66666.000000, cache: 50000.000000, totalcache: 100000.000000
2022-06-24 12:41:18.110 T:31360   DEBUG <general>: CVideoPlayer::SetCaching - caching state 0
2022-06-24 12:41:18.110 T:31368   DEBUG <general>: CVideoPlayerAudio - CDVDMsg::GENERAL_RESYNC(-166553.960650), level: 0, cache: 464457.805650
2022-06-24 12:41:18.110 T:31360   DEBUG <general>: CDVDClock::SetSpeedAdjust - adjusted:0.000000
2022-06-24 12:41:18.110 T:31366   DEBUG <general>: CVideoPlayerVideo - CDVDMsg::GENERAL_RESYNC(-166553.960650)
2022-06-24 12:41:18.110 T:31283   DEBUG <general>: ActiveAE - start sync of audio stream
2022-06-24 12:41:18.110 T:31368   DEBUG <general>: CDVDAudio::Resume - resume audio stream
2022-06-24 12:41:18.110 T:31310   DEBUG <general>: OnAVStarted: CApplication::OnAVStarted
2022-06-24 12:41:18.118 T:31247   DEBUG <general>: Activating window ID: 12005
2022-06-24 12:41:18.118 T:31247   DEBUG <general>: ------ Window Deinit (MyVideoNav.xml) ------
2022-06-24 12:41:18.119 T:31247   DEBUG <general>: FreeVisualisation() done
2022-06-24 12:41:18.119 T:31247   DEBUG <general>: ------ Window Init (VideoFullScreen.xml) ------
2022-06-24 12:41:18.123 T:31247   DEBUG <general>: ------ Window Deinit (DialogBusy.xml) ------
2022-06-24 12:41:18.175 T:31299    INFO <general>: INFO: EMBY.hooks.player: [ onAVChange ]
2022-06-24 12:41:18.175 T:31299    INFO <general>: INFO: EMBY.hooks.player: [ onAVStarted ]
2022-06-24 12:41:18.184 T:31800   DEBUG <general>: AddOnLog: inputstream.adaptive: Download finished: https://m-content-viki.s.llnwi.net/1188760v/dash/1188760v_dash_high_1080p_drm_444acc_2111061709-audio-und-mp4a.mp4 (downloaded 124845 byte, speed 237347.00 byte/s)
2022-06-24 12:41:18.193 T:31800   DEBUG <general>: CCurlFile::ParseAndCorrectUrl - <https://m-content-viki.s.llnwi.net/1188760v/dash/1188760v_dash_high_1080p_drm_444acc_2111061709-audio-und-mp4a.mp4|Origin=https%3a%2f%2fwww.viki.com&Range=bytes%3d136282-261466&Referer=https%3a%2f%2fwww.viki.com&User-Agent=Mozilla%2f5.0%20(Macintosh%3b%20MacOS%20X10_14_3%3b%20rv%3b93.0)%20Gecko%2f20100101%20Firefox%2f93.0&acceptencoding=gzip%2c%20deflate&connection=keep-alive&failonerror=false&seekable=0> Adding custom header option 'Origin: https://www.viki.com'
2022-06-24 12:41:18.194 T:31800   DEBUG <general>: CCurlFile::ParseAndCorrectUrl - <https://m-content-viki.s.llnwi.net/1188760v/dash/1188760v_dash_high_1080p_drm_444acc_2111061709-audio-und-mp4a.mp4|Origin=https%3a%2f%2fwww.viki.com&Range=bytes%3d136282-261466&Referer=https%3a%2f%2fwww.viki.com&User-Agent=Mozilla%2f5.0%20(Macintosh%3b%20MacOS%20X10_14_3%3b%20rv%3b93.0)%20Gecko%2f20100101%20Firefox%2f93.0&acceptencoding=gzip%2c%20deflate&connection=keep-alive&failonerror=false&seekable=0> Adding custom header option 'Range: bytes=136282-261466'
2022-06-24 12:41:18.194 T:31800   DEBUG <general>: CCurlFile::ParseAndCorrectUrl - <https://m-content-viki.s.llnwi.net/1188760v/dash/1188760v_dash_high_1080p_drm_444acc_2111061709-audio-und-mp4a.mp4|Origin=https%3a%2f%2fwww.viki.com&Range=bytes%3d136282-261466&Referer=https%3a%2f%2fwww.viki.com&User-Agent=Mozilla%2f5.0%20(Macintosh%3b%20MacOS%20X10_14_3%3b%20rv%3b93.0)%20Gecko%2f20100101%20Firefox%2f93.0&acceptencoding=gzip%2c%20deflate&connection=keep-alive&failonerror=false&seekable=0> Adding custom header option 'connection: keep-alive'
2022-06-24 12:41:18.194 T:31800   DEBUG <general>: CurlFile::Open - <https://m-content-viki.s.llnwi.net/1188760v/dash/1188760v_dash_high_1080p_drm_444acc_2111061709-audio-und-mp4a.mp4>
2022-06-24 12:41:18.195 T:31299    INFO <general>: INFO: EMBY.database.dbio: --->[ database: f7405dba70fd4d26aed723d4cc761f44140220540380928/1 ]
2022-06-24 12:41:18.195 T:31299    INFO <general>: INFO: EMBY.database.dbio: ---<[ database: f7405dba70fd4d26aed723d4cc761f44140220540380928/0 ]
2022-06-24 12:41:18.201 T:31247   DEBUG <general>: CGLContextEGL::SwapBuffers: sync check blocking
2022-06-24 12:41:18.201 T:31301   DEBUG <general>: [Discord RP] Removing tags for: Happiness
2022-06-24 12:41:18.201 T:31301   DEBUG <general>: [Discord RP] Removed tags. Result: Happiness
2022-06-24 12:41:18.201 T:31301   DEBUG <general>: [Discord RP] Activity set: {'assets': {'large_image': 'https://kodi-richpresence.herokuapp.com/Happiness', 'large_text': 'Happiness'}, 'state': '1x02 Happiness', 'details': 'Happiness', 'timestamps': {'end': 1656071266}}
2022-06-24 12:41:18.202 T:31301   DEBUG <general>: [Discord RP] Removing tags for: Happiness
2022-06-24 12:41:18.202 T:31301   DEBUG <general>: [Discord RP] Removed tags. Result: Happiness
2022-06-24 12:41:18.202 T:31301   DEBUG <general>: [Discord RP] Activity set: {'assets': {'large_image': 'https://kodi-richpresence.herokuapp.com/Happiness', 'large_text': 'Happiness'}, 'state': '1x02 Happiness', 'details': 'Happiness', 'timestamps': {'end': 1656071266}}
2022-06-24 12:41:18.216 T:31247   DEBUG <general>: CGLContextEGL::SwapBuffers: sync sleep: 15263
2022-06-24 12:41:18.218 T:31283   DEBUG <general>: ActiveAE::SyncStream - average error of 1.436895, start adjusting
2022-06-24 12:41:18.219 T:31283   DEBUG <general>: ActiveAE::SyncStream - average error 0.436895 below threshold of 30.000000
2022-06-24 12:41:18.402 T:31366    INFO <general>: CDVDVideoCodecFFmpeg::CDropControl: calculated diff time: 33333
2022-06-24 12:41:18.613 T:31800   DEBUG <general>: AddOnLog: inputstream.adaptive: Download finished: https://m-content-viki.s.llnwi.net/1188760v/dash/1188760v_dash_high_1080p_drm_444acc_2111061709-audio-und-mp4a.mp4 (downloaded 125185 byte, speed 299485.00 byte/s)
2022-06-24 12:41:18.614 T:31800   DEBUG <general>: CCurlFile::ParseAndCorrectUrl - <https://m-content-viki.s.llnwi.net/1188760v/dash/1188760v_dash_high_1080p_drm_444acc_2111061709-audio-und-mp4a.mp4|Origin=https%3a%2f%2fwww.viki.com&Range=bytes%3d261467-386191&Referer=https%3a%2f%2fwww.viki.com&User-Agent=Mozilla%2f5.0%20(Macintosh%3b%20MacOS%20X10_14_3%3b%20rv%3b93.0)%20Gecko%2f20100101%20Firefox%2f93.0&acceptencoding=gzip%2c%20deflate&connection=keep-alive&failonerror=false&seekable=0> Adding custom header option 'Origin: https://www.viki.com'
2022-06-24 12:41:18.614 T:31800   DEBUG <general>: CCurlFile::ParseAndCorrectUrl - <https://m-content-viki.s.llnwi.net/1188760v/dash/1188760v_dash_high_1080p_drm_444acc_2111061709-audio-und-mp4a.mp4|Origin=https%3a%2f%2fwww.viki.com&Range=bytes%3d261467-386191&Referer=https%3a%2f%2fwww.viki.com&User-Agent=Mozilla%2f5.0%20(Macintosh%3b%20MacOS%20X10_14_3%3b%20rv%3b93.0)%20Gecko%2f20100101%20Firefox%2f93.0&acceptencoding=gzip%2c%20deflate&connection=keep-alive&failonerror=false&seekable=0> Adding custom header option 'Range: bytes=261467-386191'
2022-06-24 12:41:18.614 T:31800   DEBUG <general>: CCurlFile::ParseAndCorrectUrl - <https://m-content-viki.s.llnwi.net/1188760v/dash/1188760v_dash_high_1080p_drm_444acc_2111061709-audio-und-mp4a.mp4|Origin=https%3a%2f%2fwww.viki.com&Range=bytes%3d261467-386191&Referer=https%3a%2f%2fwww.viki.com&User-Agent=Mozilla%2f5.0%20(Macintosh%3b%20MacOS%20X10_14_3%3b%20rv%3b93.0)%20Gecko%2f20100101%20Firefox%2f93.0&acceptencoding=gzip%2c%20deflate&connection=keep-alive&failonerror=false&seekable=0> Adding custom header option 'connection: keep-alive'
2022-06-24 12:41:18.614 T:31800   DEBUG <general>: CurlFile::Open - <https://m-content-viki.s.llnwi.net/1188760v/dash/1188760v_dash_high_1080p_drm_444acc_2111061709-audio-und-mp4a.mp4>
2022-06-24 12:41:18.671 T:31302   DEBUG <CAddonSettings[service.upnext]>: trying to load setting definitions from old format...
2022-06-24 12:41:18.897 T:31301   DEBUG <general>: Skipped 2 duplicate messages..
2022-06-24 12:41:18.896 T:31301   DEBUG <general>: [Discord RP] Removing tags for: Happiness
2022-06-24 12:41:18.897 T:31301   DEBUG <general>: [Discord RP] Removed tags. Result: Happiness
2022-06-24 12:41:18.897 T:31301   DEBUG <general>: [Discord RP] Activity set: {'assets': {'large_image': 'https://kodi-richpresence.herokuapp.com/Happiness', 'large_text': 'Happiness'}, 'state': '1x02 Happiness', 'details': 'Happiness', 'timestamps': {'end': 1656071266}}
2022-06-24 12:41:18.916 T:31247   DEBUG <general>: Keyboard: scancode: 0x72, sym: 0x113, unicode: 0x00, modifier: 0x0
2022-06-24 12:41:18.916 T:31247   DEBUG <general>: HandleKey: right (0xf083) pressed, window 12005, action is StepForward
2022-06-24 12:41:18.917 T:31247   DEBUG <general>: ------ Window Init (DialogSeekBar.xml) ------
2022-06-24 12:41:18.918 T:31247   DEBUG <general>: ------ Window Init (Custom_1109_TopBarOverlay.xml) ------
2022-06-24 12:41:18.999 T:31247   DEBUG <general>: Keyboard: scancode: 0x72, sym: 0x113, unicode: 0x00, modifier: 0x0
2022-06-24 12:41:19.099 T:31247   DEBUG <general>: Skipped 1 duplicate messages..
2022-06-24 12:41:19.099 T:31247   DEBUG <general>: HandleKey: right (0xf083) pressed, window 12005, action is StepForward
2022-06-24 12:41:19.152 T:31247   DEBUG <general>: CDVDSubtitlesLibass: [ass] fontselect: (DejaVu Sans, 400, 100) -> /usr/share/fonts/truetype/dejavu/DejaVuSans-Oblique.ttf, 0, DejaVuSans-Oblique
2022-06-24 12:41:19.163 T:31800   DEBUG <general>: AddOnLog: inputstream.adaptive: Download finished: https://m-content-viki.s.llnwi.net/1188760v/dash/1188760v_dash_high_1080p_drm_444acc_2111061709-audio-und-mp4a.mp4 (downloaded 124725 byte, speed 227185.00 byte/s)
2022-06-24 12:41:19.164 T:31800   DEBUG <general>: CCurlFile::ParseAndCorrectUrl - <https://m-content-viki.s.llnwi.net/1188760v/dash/1188760v_dash_high_1080p_drm_444acc_2111061709-audio-und-mp4a.mp4|Origin=https%3a%2f%2fwww.viki.com&Range=bytes%3d386192-510917&Referer=https%3a%2f%2fwww.viki.com&User-Agent=Mozilla%2f5.0%20(Macintosh%3b%20MacOS%20X10_14_3%3b%20rv%3b93.0)%20Gecko%2f20100101%20Firefox%2f93.0&acceptencoding=gzip%2c%20deflate&connection=keep-alive&failonerror=false&seekable=0> Adding custom header option 'Origin: https://www.viki.com'
2022-06-24 12:41:19.164 T:31800   DEBUG <general>: CCurlFile::ParseAndCorrectUrl - <https://m-content-viki.s.llnwi.net/1188760v/dash/1188760v_dash_high_1080p_drm_444acc_2111061709-audio-und-mp4a.mp4|Origin=https%3a%2f%2fwww.viki.com&Range=bytes%3d386192-510917&Referer=https%3a%2f%2fwww.viki.com&User-Agent=Mozilla%2f5.0%20(Macintosh%3b%20MacOS%20X10_14_3%3b%20rv%3b93.0)%20Gecko%2f20100101%20Firefox%2f93.0&acceptencoding=gzip%2c%20deflate&connection=keep-alive&failonerror=false&seekable=0> Adding custom header option 'Range: bytes=386192-510917'
2022-06-24 12:41:19.164 T:31800   DEBUG <general>: CCurlFile::ParseAndCorrectUrl - <https://m-content-viki.s.llnwi.net/1188760v/dash/1188760v_dash_high_1080p_drm_444acc_2111061709-audio-und-mp4a.mp4|Origin=https%3a%2f%2fwww.viki.com&Range=bytes%3d386192-510917&Referer=https%3a%2f%2fwww.viki.com&User-Agent=Mozilla%2f5.0%20(Macintosh%3b%20MacOS%20X10_14_3%3b%20rv%3b93.0)%20Gecko%2f20100101%20Firefox%2f93.0&acceptencoding=gzip%2c%20deflate&connection=keep-alive&failonerror=false&seekable=0> Adding custom header option 'connection: keep-alive'
2022-06-24 12:41:19.164 T:31800   DEBUG <general>: CurlFile::Open - <https://m-content-viki.s.llnwi.net/1188760v/dash/1188760v_dash_high_1080p_drm_444acc_2111061709-audio-und-mp4a.mp4>
2022-06-24 12:41:19.183 T:31247   DEBUG <general>: Keyboard: scancode: 0x72, sym: 0x113, unicode: 0x00, modifier: 0x0
2022-06-24 12:41:19.220 T:31368   DEBUG <general>: CDVDClock::ErrorAdjust - CVideoPlayerAudio::OutputPacket - error:-37273.873749, adjusted:-33333.333333
2022-06-24 12:41:19.283 T:31247   DEBUG <general>: Keyboard: scancode: 0x72, sym: 0x113, unicode: 0x00, modifier: 0x0
2022-06-24 12:41:19.283 T:31247   DEBUG <general>: HandleKey: right (0xf083) pressed, window 12005, action is StepForward
2022-06-24 12:41:19.366 T:31247   DEBUG <general>: Keyboard: scancode: 0x72, sym: 0x113, unicode: 0x00, modifier: 0x0
2022-06-24 12:41:19.466 T:31247   DEBUG <general>: Skipped 1 duplicate messages..
2022-06-24 12:41:19.466 T:31247   DEBUG <general>: HandleKey: right (0xf083) pressed, window 12005, action is StepForward
2022-06-24 12:41:19.565 T:31800   DEBUG <general>: AddOnLog: inputstream.adaptive: Download finished: https://m-content-viki.s.llnwi.net/1188760v/dash/1188760v_dash_high_1080p_drm_444acc_2111061709-audio-und-mp4a.mp4 (downloaded 124726 byte, speed 311037.00 byte/s)
2022-06-24 12:41:19.566 T:31800   DEBUG <general>: CCurlFile::ParseAndCorrectUrl - <https://m-content-viki.s.llnwi.net/1188760v/dash/1188760v_dash_high_1080p_drm_444acc_2111061709-audio-und-mp4a.mp4|Origin=https%3a%2f%2fwww.viki.com&Range=bytes%3d510918-636067&Referer=https%3a%2f%2fwww.viki.com&User-Agent=Mozilla%2f5.0%20(Macintosh%3b%20MacOS%20X10_14_3%3b%20rv%3b93.0)%20Gecko%2f20100101%20Firefox%2f93.0&acceptencoding=gzip%2c%20deflate&connection=keep-alive&failonerror=false&seekable=0> Adding custom header option 'Origin: https://www.viki.com'
2022-06-24 12:41:19.566 T:31800   DEBUG <general>: CCurlFile::ParseAndCorrectUrl - <https://m-content-viki.s.llnwi.net/1188760v/dash/1188760v_dash_high_1080p_drm_444acc_2111061709-audio-und-mp4a.mp4|Origin=https%3a%2f%2fwww.viki.com&Range=bytes%3d510918-636067&Referer=https%3a%2f%2fwww.viki.com&User-Agent=Mozilla%2f5.0%20(Macintosh%3b%20MacOS%20X10_14_3%3b%20rv%3b93.0)%20Gecko%2f20100101%20Firefox%2f93.0&acceptencoding=gzip%2c%20deflate&connection=keep-alive&failonerror=false&seekable=0> Adding custom header option 'Range: bytes=510918-636067'
2022-06-24 12:41:19.566 T:31247   DEBUG <general>: Keyboard: scancode: 0x72, sym: 0x113, unicode: 0x00, modifier: 0x0
2022-06-24 12:41:19.566 T:31800   DEBUG <general>: CCurlFile::ParseAndCorrectUrl - <https://m-content-viki.s.llnwi.net/1188760v/dash/1188760v_dash_high_1080p_drm_444acc_2111061709-audio-und-mp4a.mp4|Origin=https%3a%2f%2fwww.viki.com&Range=bytes%3d510918-636067&Referer=https%3a%2f%2fwww.viki.com&User-Agent=Mozilla%2f5.0%20(Macintosh%3b%20MacOS%20X10_14_3%3b%20rv%3b93.0)%20Gecko%2f20100101%20Firefox%2f93.0&acceptencoding=gzip%2c%20deflate&connection=keep-alive&failonerror=false&seekable=0> Adding custom header option 'connection: keep-alive'
2022-06-24 12:41:19.566 T:31800   DEBUG <general>: CurlFile::Open - <https://m-content-viki.s.llnwi.net/1188760v/dash/1188760v_dash_high_1080p_drm_444acc_2111061709-audio-und-mp4a.mp4>
2022-06-24 12:41:19.666 T:31247   DEBUG <general>: Keyboard: scancode: 0x72, sym: 0x113, unicode: 0x00, modifier: 0x0
2022-06-24 12:41:19.666 T:31247   DEBUG <general>: HandleKey: right (0xf083) pressed, window 12005, action is StepForward
2022-06-24 12:41:19.675 T:31302   DEBUG <CAddonSettings[service.upnext]>: trying to load setting definitions from old format...
2022-06-24 12:41:19.766 T:31247   DEBUG <general>: Skipped 2 duplicate messages..
2022-06-24 12:41:19.766 T:31247   DEBUG <general>: Keyboard: scancode: 0x72, sym: 0x113, unicode: 0x00, modifier: 0x0
2022-06-24 12:41:19.962 T:31800   DEBUG <general>: AddOnLog: inputstream.adaptive: Download finished: https://m-content-viki.s.llnwi.net/1188760v/dash/1188760v_dash_high_1080p_drm_444acc_2111061709-audio-und-mp4a.mp4 (downloaded 125150 byte, speed 316835.00 byte/s)
2022-06-24 12:41:19.962 T:31800   DEBUG <general>: CCurlFile::ParseAndCorrectUrl - <https://m-content-viki.s.llnwi.net/1188760v/dash/1188760v_dash_high_1080p_drm_444acc_2111061709-audio-und-mp4a.mp4|Origin=https%3a%2f%2fwww.viki.com&Range=bytes%3d636068-760745&Referer=https%3a%2f%2fwww.viki.com&User-Agent=Mozilla%2f5.0%20(Macintosh%3b%20MacOS%20X10_14_3%3b%20rv%3b93.0)%20Gecko%2f20100101%20Firefox%2f93.0&acceptencoding=gzip%2c%20deflate&connection=keep-alive&failonerror=false&seekable=0> Adding custom header option 'Origin: https://www.viki.com'
2022-06-24 12:41:19.962 T:31800   DEBUG <general>: CCurlFile::ParseAndCorrectUrl - <https://m-content-viki.s.llnwi.net/1188760v/dash/1188760v_dash_high_1080p_drm_444acc_2111061709-audio-und-mp4a.mp4|Origin=https%3a%2f%2fwww.viki.com&Range=bytes%3d636068-760745&Referer=https%3a%2f%2fwww.viki.com&User-Agent=Mozilla%2f5.0%20(Macintosh%3b%20MacOS%20X10_14_3%3b%20rv%3b93.0)%20Gecko%2f20100101%20Firefox%2f93.0&acceptencoding=gzip%2c%20deflate&connection=keep-alive&failonerror=false&seekable=0> Adding custom header option 'Range: bytes=636068-760745'
2022-06-24 12:41:19.962 T:31800   DEBUG <general>: CCurlFile::ParseAndCorrectUrl - <https://m-content-viki.s.llnwi.net/1188760v/dash/1188760v_dash_high_1080p_drm_444acc_2111061709-audio-und-mp4a.mp4|Origin=https%3a%2f%2fwww.viki.com&Range=bytes%3d636068-760745&Referer=https%3a%2f%2fwww.viki.com&User-Agent=Mozilla%2f5.0%20(Macintosh%3b%20MacOS%20X10_14_3%3b%20rv%3b93.0)%20Gecko%2f20100101%20Firefox%2f93.0&acceptencoding=gzip%2c%20deflate&connection=keep-alive&failonerror=false&seekable=0> Adding custom header option 'connection: keep-alive'
2022-06-24 12:41:19.962 T:31800   DEBUG <general>: CurlFile::Open - <https://m-content-viki.s.llnwi.net/1188760v/dash/1188760v_dash_high_1080p_drm_444acc_2111061709-audio-und-mp4a.mp4>
2022-06-24 12:41:20.066 T:31247   DEBUG <general>: Keyboard: scancode: 0x72, sym: 0x113, unicode: 0x00, modifier: 0x0
2022-06-24 12:41:20.066 T:31247   DEBUG <general>: HandleKey: right (0xf083) pressed, window 12005, action is StepForward
2022-06-24 12:41:20.149 T:31247   DEBUG <general>: Keyboard: scancode: 0x72, sym: 0x113, unicode: 0x00, modifier: 0x0
2022-06-24 12:41:20.368 T:31800   DEBUG <general>: AddOnLog: inputstream.adaptive: Download finished: https://m-content-viki.s.llnwi.net/1188760v/dash/1188760v_dash_high_1080p_drm_444acc_2111061709-audio-und-mp4a.mp4 (downloaded 124678 byte, speed 307846.00 byte/s)
2022-06-24 12:41:20.368 T:31800   DEBUG <general>: CCurlFile::ParseAndCorrectUrl - <https://m-content-viki.s.llnwi.net/1188760v/dash/1188760v_dash_high_1080p_drm_444acc_2111061709-audio-und-mp4a.mp4|Origin=https%3a%2f%2fwww.viki.com&Range=bytes%3d760746-885987&Referer=https%3a%2f%2fwww.viki.com&User-Agent=Mozilla%2f5.0%20(Macintosh%3b%20MacOS%20X10_14_3%3b%20rv%3b93.0)%20Gecko%2f20100101%20Firefox%2f93.0&acceptencoding=gzip%2c%20deflate&connection=keep-alive&failonerror=false&seekable=0> Adding custom header option 'Origin: https://www.viki.com'
2022-06-24 12:41:20.368 T:31800   DEBUG <general>: CCurlFile::ParseAndCorrectUrl - <https://m-content-viki.s.llnwi.net/1188760v/dash/1188760v_dash_high_1080p_drm_444acc_2111061709-audio-und-mp4a.mp4|Origin=https%3a%2f%2fwww.viki.com&Range=bytes%3d760746-885987&Referer=https%3a%2f%2fwww.viki.com&User-Agent=Mozilla%2f5.0%20(Macintosh%3b%20MacOS%20X10_14_3%3b%20rv%3b93.0)%20Gecko%2f20100101%20Firefox%2f93.0&acceptencoding=gzip%2c%20deflate&connection=keep-alive&failonerror=false&seekable=0> Adding custom header option 'Range: bytes=760746-885987'
2022-06-24 12:41:20.368 T:31800   DEBUG <general>: CCurlFile::ParseAndCorrectUrl - <https://m-content-viki.s.llnwi.net/1188760v/dash/1188760v_dash_high_1080p_drm_444acc_2111061709-audio-und-mp4a.mp4|Origin=https%3a%2f%2fwww.viki.com&Range=bytes%3d760746-885987&Referer=https%3a%2f%2fwww.viki.com&User-Agent=Mozilla%2f5.0%20(Macintosh%3b%20MacOS%20X10_14_3%3b%20rv%3b93.0)%20Gecko%2f20100101%20Firefox%2f93.0&acceptencoding=gzip%2c%20deflate&connection=keep-alive&failonerror=false&seekable=0> Adding custom header option 'connection: keep-alive'
2022-06-24 12:41:20.368 T:31800   DEBUG <general>: CurlFile::Open - <https://m-content-viki.s.llnwi.net/1188760v/dash/1188760v_dash_high_1080p_drm_444acc_2111061709-audio-und-mp4a.mp4>
2022-06-24 12:41:20.679 T:31302   DEBUG <CAddonSettings[service.upnext]>: trying to load setting definitions from old format...
2022-06-24 12:41:20.755 T:31799   DEBUG <general>: Skipped 2 duplicate messages..
2022-06-24 12:41:20.755 T:31799   DEBUG <general>: AddOnLog: inputstream.adaptive: Download finished: https://m-content-viki.s.llnwi.net/1188760v/dash/1188760v_dash_high_1080p_drm_444acc_2111061709-video-avc1.mp4 (downloaded 1982076 byte, speed 589202.00 byte/s)
2022-06-24 12:41:20.756 T:31799   DEBUG <general>: CCurlFile::ParseAndCorrectUrl - <https://m-content-viki.s.llnwi.net/1188760v/dash/1188760v_dash_high_1080p_drm_444acc_2111061709-video-avc1.mp4|Origin=https%3a%2f%2fwww.viki.com&Range=bytes%3d1993596-3663445&Referer=https%3a%2f%2fwww.viki.com&User-Agent=Mozilla%2f5.0%20(Macintosh%3b%20MacOS%20X10_14_3%3b%20rv%3b93.0)%20Gecko%2f20100101%20Firefox%2f93.0&acceptencoding=gzip%2c%20deflate&connection=keep-alive&failonerror=false&seekable=0> Adding custom header option 'Origin: https://www.viki.com'
2022-06-24 12:41:20.756 T:31799   DEBUG <general>: CCurlFile::ParseAndCorrectUrl - <https://m-content-viki.s.llnwi.net/1188760v/dash/1188760v_dash_high_1080p_drm_444acc_2111061709-video-avc1.mp4|Origin=https%3a%2f%2fwww.viki.com&Range=bytes%3d1993596-3663445&Referer=https%3a%2f%2fwww.viki.com&User-Agent=Mozilla%2f5.0%20(Macintosh%3b%20MacOS%20X10_14_3%3b%20rv%3b93.0)%20Gecko%2f20100101%20Firefox%2f93.0&acceptencoding=gzip%2c%20deflate&connection=keep-alive&failonerror=false&seekable=0> Adding custom header option 'Range: bytes=1993596-3663445'
2022-06-24 12:41:20.756 T:31799   DEBUG <general>: CCurlFile::ParseAndCorrectUrl - <https://m-content-viki.s.llnwi.net/1188760v/dash/1188760v_dash_high_1080p_drm_444acc_2111061709-video-avc1.mp4|Origin=https%3a%2f%2fwww.viki.com&Range=bytes%3d1993596-3663445&Referer=https%3a%2f%2fwww.viki.com&User-Agent=Mozilla%2f5.0%20(Macintosh%3b%20MacOS%20X10_14_3%3b%20rv%3b93.0)%20Gecko%2f20100101%20Firefox%2f93.0&acceptencoding=gzip%2c%20deflate&connection=keep-alive&failonerror=false&seekable=0> Adding custom header option 'connection: keep-alive'
2022-06-24 12:41:20.756 T:31799   DEBUG <general>: CurlFile::Open - <https://m-content-viki.s.llnwi.net/1188760v/dash/1188760v_dash_high_1080p_drm_444acc_2111061709-video-avc1.mp4>
2022-06-24 12:41:20.761 T:32197   DEBUG <general>: AddOnLog: inputstream.adaptive: [Repr. chooser] Current average bandwidth: 8040127 bit/s (filtered to 7236114 bit/s)
2022-06-24 12:41:20.765 T:31800   DEBUG <general>: AddOnLog: inputstream.adaptive: Download finished: https://m-content-viki.s.llnwi.net/1188760v/dash/1188760v_dash_high_1080p_drm_444acc_2111061709-audio-und-mp4a.mp4 (downloaded 125242 byte, speed 316267.00 byte/s)
2022-06-24 12:41:20.765 T:31800   DEBUG <general>: CCurlFile::ParseAndCorrectUrl - <https://m-content-viki.s.llnwi.net/1188760v/dash/1188760v_dash_high_1080p_drm_444acc_2111061709-audio-und-mp4a.mp4|Origin=https%3a%2f%2fwww.viki.com&Range=bytes%3d885988-1010623&Referer=https%3a%2f%2fwww.viki.com&User-Agent=Mozilla%2f5.0%20(Macintosh%3b%20MacOS%20X10_14_3%3b%20rv%3b93.0)%20Gecko%2f20100101%20Firefox%2f93.0&acceptencoding=gzip%2c%20deflate&connection=keep-alive&failonerror=false&seekable=0> Adding custom header option 'Origin: https://www.viki.com'
2022-06-24 12:41:20.765 T:31800   DEBUG <general>: CCurlFile::ParseAndCorrectUrl - <https://m-content-viki.s.llnwi.net/1188760v/dash/1188760v_dash_high_1080p_drm_444acc_2111061709-audio-und-mp4a.mp4|Origin=https%3a%2f%2fwww.viki.com&Range=bytes%3d885988-1010623&Referer=https%3a%2f%2fwww.viki.com&User-Agent=Mozilla%2f5.0%20(Macintosh%3b%20MacOS%20X10_14_3%3b%20rv%3b93.0)%20Gecko%2f20100101%20Firefox%2f93.0&acceptencoding=gzip%2c%20deflate&connection=keep-alive&failonerror=false&seekable=0> Adding custom header option 'Range: bytes=885988-1010623'
2022-06-24 12:41:20.765 T:31800   DEBUG <general>: CCurlFile::ParseAndCorrectUrl - <https://m-content-viki.s.llnwi.net/1188760v/dash/1188760v_dash_high_1080p_drm_444acc_2111061709-audio-und-mp4a.mp4|Origin=https%3a%2f%2fwww.viki.com&Range=bytes%3d885988-1010623&Referer=https%3a%2f%2fwww.viki.com&User-Agent=Mozilla%2f5.0%20(Macintosh%3b%20MacOS%20X10_14_3%3b%20rv%3b93.0)%20Gecko%2f20100101%20Firefox%2f93.0&acceptencoding=gzip%2c%20deflate&connection=keep-alive&failonerror=false&seekable=0> Adding custom header option 'connection: keep-alive'
2022-06-24 12:41:20.765 T:31800   DEBUG <general>: CurlFile::Open - <https://m-content-viki.s.llnwi.net/1188760v/dash/1188760v_dash_high_1080p_drm_444acc_2111061709-audio-und-mp4a.mp4>
2022-06-24 12:41:20.833 T:31360   DEBUG <general>: CVideoPlayer::SetCaching - caching state 2
2022-06-24 12:41:20.833 T:31360   DEBUG <general>: CDVDClock::SetSpeedAdjust - adjusted:0.000000
2022-06-24 12:41:20.833 T:31360   DEBUG <general>: demuxer seek to: 602522.194514
2022-06-24 12:41:20.833 T:31360    INFO <general>: AddOnLog: inputstream.adaptive: PosTime (602522)
2022-06-24 12:41:20.874 T:31368   DEBUG <general>: CDVDAudio::Pause - pausing audio stream
2022-06-24 12:41:20.898 T:31299    INFO <general>: INFO: EMBY.hooks.player: [ onPlayBackSeek ]
2022-06-24 12:41:20.899 T:31299   DEBUG <general>: DEBUG: EMBY.emby.http: --->[ http ] {
                                                       "params": {
                                                           "RunTimeTicks": 39880000000,
                                                           "PositionTicks": 6024000000
                                                       },
                                                       "type": "POST",
                                                       "url": "http://192.168.1.10:8096/emby/Sessions/Playing/Progress",
                                                       "headers": {
                                                           "Content-type": "application/json",
                                                           "Accept-Charset": "UTF-8,*",
                                                           "Accept-encoding": "gzip",
                                                           "User-Agent": "Emby-next-gen/6.2.20",
                                                           "Authorization": "Emby Client=Emby-next-gen, Device=Kodi%20%28pc-ideacentre-510A-15ARR%29, DeviceId=7e23c2d1-c6a3-46a2-ae14-f2c7d85c31cc, Version=6.2.20, UserId=58acc41563de4a91b900176d4b77f2d4",
                                                           "X-Emby-Token": "6d293b8ca54c447ebf606f1f269cb43e"
                                                       },
                                                       "timeout": 120
                                                   }
2022-06-24 12:41:20.899 T:31301   DEBUG <general>: [Discord RP] Removing tags for: Happiness
2022-06-24 12:41:20.900 T:31301   DEBUG <general>: [Discord RP] Removed tags. Result: Happiness
2022-06-24 12:41:20.900 T:31301   DEBUG <general>: [Discord RP] Activity set: {'assets': {'large_image': 'https://kodi-richpresence.herokuapp.com/Happiness', 'large_text': 'Happiness'}, 'state': '1x02 Happiness', 'details': 'Happiness', 'timestamps': {'end': 1656071266}}
2022-06-24 12:41:20.923 T:31299   DEBUG <general>: DEBUG: EMBY.emby.http: ---<[ http ][19 ms]
2022-06-24 12:41:20.924 T:31299   DEBUG <general>: DEBUG: EMBY.emby.http: [ http response 500 / {'params': {'RunTimeTicks': 39880000000, 'PositionTicks': 6024000000}, 'url': 'http://192.168.1.10:8096/emby/Sessions/Playing/Progress', 'headers': {'Content-type': 'application/json', 'Accept-Charset': 'UTF-8,*', 'Accept-encoding': 'gzip', 'User-Agent': 'Emby-next-gen/6.2.20', 'Authorization': 'Emby Client=Emby-next-gen, Device=Kodi%20%28pc-ideacentre-510A-15ARR%29, DeviceId=7e23c2d1-c6a3-46a2-ae14-f2c7d85c31cc, Version=6.2.20, UserId=58acc41563de4a91b900176d4b77f2d4', 'X-Emby-Token': '6d293b8ca54c447ebf606f1f269cb43e'}, 'timeout': 120} ]
2022-06-24 12:41:21.146 T:31799   DEBUG <general>: AddOnLog: inputstream.adaptive: The download has been cancelled: https://m-content-viki.s.llnwi.net/1188760v/dash/1188760v_dash_high_1080p_drm_444acc_2111061709-video-avc1.mp4
2022-06-24 12:41:21.146 T:31799   DEBUG <general>: CCurlFile::ParseAndCorrectUrl - <https://m-content-viki.s.llnwi.net/1188760v/dash/1188760v_dash_high_1080p_drm_444acc_2111061709-video-avc1.mp4|Origin=https%3a%2f%2fwww.viki.com&Range=bytes%3d149052191-150584015&Referer=https%3a%2f%2fwww.viki.com&User-Agent=Mozilla%2f5.0%20(Macintosh%3b%20MacOS%20X10_14_3%3b%20rv%3b93.0)%20Gecko%2f20100101%20Firefox%2f93.0&acceptencoding=gzip%2c%20deflate&connection=keep-alive&failonerror=false&seekable=0> Adding custom header option 'Origin: https://www.viki.com'
2022-06-24 12:41:21.146 T:31799   DEBUG <general>: CCurlFile::ParseAndCorrectUrl - <https://m-content-viki.s.llnwi.net/1188760v/dash/1188760v_dash_high_1080p_drm_444acc_2111061709-video-avc1.mp4|Origin=https%3a%2f%2fwww.viki.com&Range=bytes%3d149052191-150584015&Referer=https%3a%2f%2fwww.viki.com&User-Agent=Mozilla%2f5.0%20(Macintosh%3b%20MacOS%20X10_14_3%3b%20rv%3b93.0)%20Gecko%2f20100101%20Firefox%2f93.0&acceptencoding=gzip%2c%20deflate&connection=keep-alive&failonerror=false&seekable=0> Adding custom header option 'Range: bytes=149052191-150584015'
2022-06-24 12:41:21.147 T:31799   DEBUG <general>: CCurlFile::ParseAndCorrectUrl - <https://m-content-viki.s.llnwi.net/1188760v/dash/1188760v_dash_high_1080p_drm_444acc_2111061709-video-avc1.mp4|Origin=https%3a%2f%2fwww.viki.com&Range=bytes%3d149052191-150584015&Referer=https%3a%2f%2fwww.viki.com&User-Agent=Mozilla%2f5.0%20(Macintosh%3b%20MacOS%20X10_14_3%3b%20rv%3b93.0)%20Gecko%2f20100101%20Firefox%2f93.0&acceptencoding=gzip%2c%20deflate&connection=keep-alive&failonerror=false&seekable=0> Adding custom header option 'connection: keep-alive'
2022-06-24 12:41:21.147 T:31799   DEBUG <general>: CurlFile::Open - <https://m-content-viki.s.llnwi.net/1188760v/dash/1188760v_dash_high_1080p_drm_444acc_2111061709-video-avc1.mp4>
2022-06-24 12:41:21.182 T:31800   DEBUG <general>: AddOnLog: inputstream.adaptive: Download finished: https://m-content-viki.s.llnwi.net/1188760v/dash/1188760v_dash_high_1080p_drm_444acc_2111061709-audio-und-mp4a.mp4 (downloaded 124636 byte, speed 298887.00 byte/s)
2022-06-24 12:41:21.683 T:31302   DEBUG <CAddonSettings[service.upnext]>: trying to load setting definitions from old format...
2022-06-24 12:41:23.309 T:31360    INFO <general>: Skipped 5 duplicate messages..
2022-06-24 12:41:23.309 T:31360    INFO <general>: AddOnLog: inputstream.adaptive: Seek time (602.5) for stream: 327681 continues at 605.0 (PTS: 605066666)
2022-06-24 12:41:23.309 T:31800   DEBUG <general>: CCurlFile::ParseAndCorrectUrl - <https://m-content-viki.s.llnwi.net/1188760v/dash/1188760v_dash_high_1080p_drm_444acc_2111061709-audio-und-mp4a.mp4|Origin=https%3a%2f%2fwww.viki.com&Range=bytes%3d15120943-15246260&Referer=https%3a%2f%2fwww.viki.com&User-Agent=Mozilla%2f5.0%20(Macintosh%3b%20MacOS%20X10_14_3%3b%20rv%3b93.0)%20Gecko%2f20100101%20Firefox%2f93.0&acceptencoding=gzip%2c%20deflate&connection=keep-alive&failonerror=false&seekable=0> Adding custom header option 'Origin: https://www.viki.com'
2022-06-24 12:41:23.309 T:31800   DEBUG <general>: CCurlFile::ParseAndCorrectUrl - <https://m-content-viki.s.llnwi.net/1188760v/dash/1188760v_dash_high_1080p_drm_444acc_2111061709-audio-und-mp4a.mp4|Origin=https%3a%2f%2fwww.viki.com&Range=bytes%3d15120943-15246260&Referer=https%3a%2f%2fwww.viki.com&User-Agent=Mozilla%2f5.0%20(Macintosh%3b%20MacOS%20X10_14_3%3b%20rv%3b93.0)%20Gecko%2f20100101%20Firefox%2f93.0&acceptencoding=gzip%2c%20deflate&connection=keep-alive&failonerror=false&seekable=0> Adding custom header option 'Range: bytes=15120943-15246260'
2022-06-24 12:41:23.309 T:31800   DEBUG <general>: CCurlFile::ParseAndCorrectUrl - <https://m-content-viki.s.llnwi.net/1188760v/dash/1188760v_dash_high_1080p_drm_444acc_2111061709-audio-und-mp4a.mp4|Origin=https%3a%2f%2fwww.viki.com&Range=bytes%3d15120943-15246260&Referer=https%3a%2f%2fwww.viki.com&User-Agent=Mozilla%2f5.0%20(Macintosh%3b%20MacOS%20X10_14_3%3b%20rv%3b93.0)%20Gecko%2f20100101%20Firefox%2f93.0&acceptencoding=gzip%2c%20deflate&connection=keep-alive&failonerror=false&seekable=0> Adding custom header option 'connection: keep-alive'
2022-06-24 12:41:23.309 T:31800   DEBUG <general>: CurlFile::Open - <https://m-content-viki.s.llnwi.net/1188760v/dash/1188760v_dash_high_1080p_drm_444acc_2111061709-audio-und-mp4a.mp4>
2022-06-24 12:41:23.693 T:31302   DEBUG <CAddonSettings[service.upnext]>: trying to load setting definitions from old format...
2022-06-24 12:41:23.726 T:31360    INFO <general>: Skipped 2 duplicate messages..
2022-06-24 12:41:23.726 T:31360    INFO <general>: AddOnLog: inputstream.adaptive: Seek time (605.0) for stream: 327682 continues at 605.0 (PTS: 605056000)
2022-06-24 12:41:23.727 T:31360    INFO <general>: AddOnLog: inputstream.adaptive: Seek time (605.0) for stream: 65553 continues at 605.0 (PTS: 605066666)
2022-06-24 12:41:23.727 T:31360   DEBUG <general>: demuxer seek to: 602522.194514, success
2022-06-24 12:41:23.727 T:31360   DEBUG <general>: CVideoPlayer::FlushBuffers - flushing buffers
2022-06-24 12:41:23.730 T:31368   DEBUG <general>: CDVDAudio::Flush - flush audio stream
2022-06-24 12:41:23.731 T:31368   DEBUG <general>: CDVDAudio::Pause - pausing audio stream
2022-06-24 12:41:23.731 T:31368   DEBUG <general>: CVideoPlayerAudio - CDVDMsg::GENERAL_SYNCHRONIZE
2022-06-24 12:41:23.731 T:31366   DEBUG <general>: CVideoPlayerVideo - CDVDMsg::GENERAL_SYNCHRONIZE
2022-06-24 12:41:23.733 T:31366   DEBUG <general>: CVideoPlayerVideo - Stillframe left, switching to normal playback
2022-06-24 12:41:23.738 T:31366   DEBUG <general>: CDVDVideoCodecFFmpeg - Updated codec: ff-h264
2022-06-24 12:41:23.742 T:32215   DEBUG <general>: Thread Vaapi-Output start, auto delete: false
2022-06-24 12:41:23.742 T:32215    INFO <general>: COutput::OnStartup: Output Thread created
2022-06-24 12:41:23.742 T:32215    INFO <general>: VAAPI::SupportsFilter vaDeriveImage not supported by driver - ffmpeg postprocessing and CPU-copy rendering will not be available
2022-06-24 12:41:23.747 T:31360   DEBUG <general>: CVideoPlayer::HandleMessages - player started 1
2022-06-24 12:41:23.748 T:31287   DEBUG <general>: OnAVChange: CApplication::OnAVChange
2022-06-24 12:41:23.751 T:31366   DEBUG <general>: CDVDVideoCodecFFmpeg - Updated codec: ff-h264-vaapi
2022-06-24 12:41:23.782 T:31800   DEBUG <general>: AddOnLog: inputstream.adaptive: Download finished: https://m-content-viki.s.llnwi.net/1188760v/dash/1188760v_dash_high_1080p_drm_444acc_2111061709-audio-und-mp4a.mp4 (downloaded 125318 byte, speed 265504.00 byte/s)
2022-06-24 12:41:23.782 T:31800   DEBUG <general>: CCurlFile::ParseAndCorrectUrl - <https://m-content-viki.s.llnwi.net/1188760v/dash/1188760v_dash_high_1080p_drm_444acc_2111061709-audio-und-mp4a.mp4|Origin=https%3a%2f%2fwww.viki.com&Range=bytes%3d15246261-15370851&Referer=https%3a%2f%2fwww.viki.com&User-Agent=Mozilla%2f5.0%20(Macintosh%3b%20MacOS%20X10_14_3%3b%20rv%3b93.0)%20Gecko%2f20100101%20Firefox%2f93.0&acceptencoding=gzip%2c%20deflate&connection=keep-alive&failonerror=false&seekable=0> Adding custom header option 'Origin: https://www.viki.com'
2022-06-24 12:41:23.783 T:31800   DEBUG <general>: CCurlFile::ParseAndCorrectUrl - <https://m-content-viki.s.llnwi.net/1188760v/dash/1188760v_dash_high_1080p_drm_444acc_2111061709-audio-und-mp4a.mp4|Origin=https%3a%2f%2fwww.viki.com&Range=bytes%3d15246261-15370851&Referer=https%3a%2f%2fwww.viki.com&User-Agent=Mozilla%2f5.0%20(Macintosh%3b%20MacOS%20X10_14_3%3b%20rv%3b93.0)%20Gecko%2f20100101%20Firefox%2f93.0&acceptencoding=gzip%2c%20deflate&connection=keep-alive&failonerror=false&seekable=0> Adding custom header option 'Range: bytes=15246261-15370851'
2022-06-24 12:41:23.783 T:31800   DEBUG <general>: CCurlFile::ParseAndCorrectUrl - <https://m-content-viki.s.llnwi.net/1188760v/dash/1188760v_dash_high_1080p_drm_444acc_2111061709-audio-und-mp4a.mp4|Origin=https%3a%2f%2fwww.viki.com&Range=bytes%3d15246261-15370851&Referer=https%3a%2f%2fwww.viki.com&User-Agent=Mozilla%2f5.0%20(Macintosh%3b%20MacOS%20X10_14_3%3b%20rv%3b93.0)%20Gecko%2f20100101%20Firefox%2f93.0&acceptencoding=gzip%2c%20deflate&connection=keep-alive&failonerror=false&seekable=0> Adding custom header option 'connection: keep-alive'
2022-06-24 12:41:23.783 T:31800   DEBUG <general>: CurlFile::Open - <https://m-content-viki.s.llnwi.net/1188760v/dash/1188760v_dash_high_1080p_drm_444acc_2111061709-audio-und-mp4a.mp4>
2022-06-24 12:41:23.803 T:31301   DEBUG <general>: [Discord RP] Removing tags for: Happiness
2022-06-24 12:41:23.804 T:31301   DEBUG <general>: [Discord RP] Removed tags. Result: Happiness
2022-06-24 12:41:23.804 T:31301   DEBUG <general>: [Discord RP] Activity set: {'assets': {'large_image': 'https://kodi-richpresence.herokuapp.com/Happiness', 'large_text': 'Happiness'}, 'state': '1x02 Happiness', 'details': 'Happiness', 'timestamps': {'end': 1656070669}}
2022-06-24 12:41:23.826 T:31299    INFO <general>: INFO: EMBY.hooks.player: [ onAVChange ]
2022-06-24 12:41:23.834 T:31247    INFO <general>: VAAPI::Close
2022-06-24 12:41:23.835 T:31825    INFO <general>: COutput::OnExit: Output Thread terminated
2022-06-24 12:41:23.835 T:31825   DEBUG <general>: Thread Vaapi-Output 140219752863488 terminating
2022-06-24 12:41:23.836 T:31360   DEBUG <general>: CVideoPlayer::HandleMessages - player started 2
2022-06-24 12:41:23.836 T:31360   DEBUG <general>: CVideoPlayer::SetCaching - caching state 3
2022-06-24 12:41:23.836 T:31360   DEBUG <general>: CDVDClock::SetSpeedAdjust - adjusted:0.000000
2022-06-24 12:41:23.836 T:31360   DEBUG <general>: CVideoPlayer::SetCaching - caching state 0
2022-06-24 12:41:23.836 T:31360   DEBUG <general>: CDVDClock::SetSpeedAdjust - adjusted:0.000000
2022-06-24 12:41:23.836 T:31360   DEBUG <general>: VideoPlayer::Sync - Audio - pts: 605354666.000000, cache: 320000.022650, totalcache: 750000.000000
2022-06-24 12:41:23.836 T:31360   DEBUG <general>: VideoPlayer::Sync - Video - pts: 605066666.000000, cache: 50000.000000, totalcache: 100000.000000
2022-06-24 12:41:23.836 T:31368   DEBUG <general>: CVideoPlayerAudio - CDVDMsg::GENERAL_RESYNC(604966666.000000), level: 7, cache: 489554.586650
2022-06-24 12:41:23.836 T:31366   DEBUG <general>: CVideoPlayerVideo - CDVDMsg::GENERAL_RESYNC(604966666.000000)
