2022-04-09 09:00:41.876 T:12160    INFO <general>: INFO: EMBY.database.library: [ Kodi companion: False ]
2022-04-09 09:00:41.876 T:12160    INFO <general>: INFO: EMBY.database.library: -->[ retrieve changes ] 2022-04-09T06:59:27Z / 2022-04-09T06:59:27Z
2022-04-09 09:00:41.876 T:12160    INFO <general>: INFO: EMBY.database.library: [ retrieve changes ] f137a2dd21bbc1b99aa5c0f6bf02a805 / movies / False
2022-04-09 09:00:41.896 T:12160    INFO <general>: INFO: EMBY.database.library: [ retrieve changes ] 6c2a057148b4d7c20a207c789aba6d07 / tvshows / False
2022-04-09 09:00:41.924 T:12160    INFO <general>: INFO: EMBY.database.library: [ retrieve changes ] f137a2dd21bbc1b99aa5c0f6bf02a805 / movies / True
2022-04-09 09:00:41.930 T:9312     INFO <general>: PVR Manager: Started
2022-04-09 09:00:41.949 T:12160    INFO <general>: INFO: EMBY.database.library: [ retrieve changes ] 6c2a057148b4d7c20a207c789aba6d07 / tvshows / True
2022-04-09 09:00:41.973 T:12160    INFO <general>: INFO: EMBY.database.dbio: --->[ database: f7405dba70fd4d26aed723d4cc761f4412160/1 ]
2022-04-09 09:00:42.209 T:12160    INFO <general>: INFO: EMBY.database.dbio: --->[f7405dba70fd4d26aed723d4cc761f4412160] 2 rows updated on db close
2022-04-09 09:00:42.213 T:12160    INFO <general>: INFO: EMBY.database.dbio: ---<[f7405dba70fd4d26aed723d4cc761f4412160] 2 rows updated on db close
2022-04-09 09:00:42.213 T:12160    INFO <general>: INFO: EMBY.database.dbio: ---<[ database: f7405dba70fd4d26aed723d4cc761f4412160/0 ]
2022-04-09 09:00:42.217 T:12160    INFO <general>: INFO: EMBY.database.library: --<[ retrieve changes ]
2022-04-09 09:00:42.452 T:6596     INFO <general>: CIRServerSuite::Process: failed to connect to irss, will keep retrying every 5 seconds
2022-04-09 09:00:44.017 T:11636    INFO <general>: Log level changed to "TRACE"
2022-04-09 09:00:44.018 T:11636    INFO <general>: Enabled debug logging due to GUI setting. Level 2.
2022-04-09 09:00:44.019 T:11636   DEBUG <general>: Skipped 1 duplicate messages..
2022-04-09 09:00:44.019 T:11636   DEBUG <general>: ------ Window Init () ------
2022-04-09 09:00:44.034 T:11636   DEBUG <general>: ------ Window Deinit (DialogNotification.xml) ------
2022-04-09 09:00:44.184 T:11636   DEBUG <general>: Keyboard: scancode: 0x1d, sym: 0x132, unicode: 0x00, modifier: 0x1
2022-04-09 09:00:44.184 T:11636   DEBUG <general>: Keyboard: scancode: 0x2a, sym: 0x130, unicode: 0x00, modifier: 0x0
2022-04-09 09:00:44.184 T:11636   DEBUG <general>: Keyboard: scancode: 0x20, sym: 0x64, unicode: 0x00, modifier: 0x0
2022-04-09 09:00:44.417 T:11636   DEBUG <general>: CInputManager::ProcessMouse: trying mouse action leftclick
2022-04-09 09:00:44.418 T:11636   DEBUG <general>: Activating window ID: 10025
2022-04-09 09:00:44.419 T:11636   DEBUG <general>: ------ Window Init (Pointer.xml) ------
2022-04-09 09:00:44.722 T:11636   DEBUG <general>: ------ Window Deinit (Home.xml) ------
2022-04-09 09:00:44.723 T:11636   DEBUG <general>: FreeVisualisation() done
2022-04-09 09:00:44.738 T:11636   DEBUG <general>: ------ Window Init (MyVideoNav.xml) ------
2022-04-09 09:00:44.738 T:11636    INFO <general>: Loading skin file: MyVideoNav.xml, load type: KEEP_IN_MEMORY
2022-04-09 09:00:44.785 T:11636   DEBUG <general>: CGUIMediaWindow::GetDirectory (plugin://plugin.video.catchuptvandmore/)
2022-04-09 09:00:44.785 T:11636   DEBUG <general>:   ParentPath = [plugin://plugin.video.catchuptvandmore/]
2022-04-09 09:00:44.786 T:6668    DEBUG <general>: Thread waiting start, auto delete: false
2022-04-09 09:00:44.790 T:10312   DEBUG <general>: CAddonDatabase::SetLastUsed[plugin.video.catchuptvandmore] took 4 ms
2022-04-09 09:00:44.803 T:6668    DEBUG <general>: CScriptRunner: running add-on script Catch-up TV & More('plugin://plugin.video.catchuptvandmore/', '1', '')
2022-04-09 09:00:44.803 T:5232    DEBUG <general>: Thread LanguageInvoker start, auto delete: false
2022-04-09 09:00:44.803 T:5232    DEBUG <general>: initializing python engine.
2022-04-09 09:00:44.804 T:5232    DEBUG <general>: CPythonInvoker(16, C:\Users\foo10\AppData\Roaming\Kodi\addons\plugin.video.catchuptvandmore\addon.py): start processing
2022-04-09 09:00:44.825 T:5232    DEBUG <general>: -->Python Interpreter Initialized<--
2022-04-09 09:00:44.825 T:5232    DEBUG <general>: 
                                                   
2022-04-09 09:00:44.825 T:5232    DEBUG <general>: CPythonInvoker(16, C:\Users\foo10\AppData\Roaming\Kodi\addons\plugin.video.catchuptvandmore\addon.py): the source file to load is "C:\Users\foo10\AppData\Roaming\Kodi\addons\plugin.video.catchuptvandmore\addon.py"
2022-04-09 09:00:44.825 T:5232    DEBUG <general>: CPythonInvoker(16, C:\Users\foo10\AppData\Roaming\Kodi\addons\plugin.video.catchuptvandmore\addon.py): setting the Python path to C:\Users\foo10\AppData\Roaming\Kodi\addons\plugin.video.catchuptvandmore;C:\Users\foo10\AppData\Roaming\Kodi\addons\script.module.addon.signals\lib;C:\Users\foo10\AppData\Roaming\Kodi\addons\script.module.backports.zoneinfo\lib;C:\Users\foo10\AppData\Roaming\Kodi\addons\script.module.certifi\lib;C:\Users\foo10\AppData\Roaming\Kodi\addons\script.module.chardet\lib;C:\Users\foo10\AppData\Roaming\Kodi\addons\script.module.codequick\lib;C:\Users\foo10\AppData\Roaming\Kodi\addons\script.module.future\lib;C:\Users\foo10\AppData\Roaming\Kodi\addons\script.module.htmlement\lib;C:\Users\foo10\AppData\Roaming\Kodi\addons\script.module.idna\lib;C:\Users\foo10\AppData\Roaming\Kodi\addons\script.module.inputstreamhelper\lib;C:\Users\foo10\AppData\Roaming\Kodi\addons\script.module.kodi-six\libs;C:\Users\foo10\AppData\Roaming\Kodi\addons\script.module.pyqrcode\lib;C:\Users\foo10\AppData\Roaming\Kodi\addons\script.module.pytz\lib;C:\Users\foo10\AppData\Roaming\Kodi\addons\script.module.requests\lib;C:\Users\foo10\AppData\Roaming\Kodi\addons\script.module.six\lib;C:\Users\foo10\AppData\Roaming\Kodi\addons\script.module.tzdata\lib;C:\Users\foo10\AppData\Roaming\Kodi\addons\script.module.tzlocal\lib;C:\Users\foo10\AppData\Roaming\Kodi\addons\script.module.urllib3\lib;C:\Users\foo10\AppData\Roaming\Kodi\addons\script.module.youtube.dl\lib;D:\Program Files\Kodi\system\python\Lib;D:\Program Files\Kodi\python3.8.zip;D:\Program Files\Kodi\system\python\DLLs;D:\Program Files\Kodi;C:\Users\foo10\AppData\Roaming\Python\Python38\site-packages;D:\Program Files\Kodi\system\python;D:\Program Files\Kodi\system\python\lib\site-packages
2022-04-09 09:00:44.825 T:5232    DEBUG <general>: CPythonInvoker(16, C:\Users\foo10\AppData\Roaming\Kodi\addons\plugin.video.catchuptvandmore\addon.py): entering source directory C:\Users\foo10\AppData\Roaming\Kodi\addons\plugin.video.catchuptvandmore
2022-04-09 09:00:44.826 T:5232    DEBUG <general>: CPythonInvoker(16, C:\Users\foo10\AppData\Roaming\Kodi\addons\plugin.video.catchuptvandmore\addon.py): instantiating addon using automatically obtained id of "plugin.video.catchuptvandmore" dependent on version 0.0.0 of the xbmc.python api
2022-04-09 09:00:44.886 T:11636   DEBUG <general>: ------ Window Init (DialogBusy.xml) ------
2022-04-09 09:00:44.890 T:10924   DEBUG <general>: Version Check: Version installed {'major': 20, 'minor': 0, 'revision': '20220405-45bae8a83d', 'tag': 'alpha', 'tagversion': '1'}
2022-04-09 09:00:44.891 T:10924   DEBUG <general>: CPythonInvoker(13, C:\Users\foo10\AppData\Roaming\Kodi\addons\service.xbmc.versioncheck\resources\lib\runner.py): script successfully run
2022-04-09 09:00:44.891 T:10924   DEBUG <general>: CPythonInvoker::onExecutionDone(13, C:\Users\foo10\AppData\Roaming\Kodi\addons\service.xbmc.versioncheck\resources\lib\runner.py)
2022-04-09 09:00:45.079 T:10924   DEBUG <general>: Python interpreter stopped
2022-04-09 09:00:45.079 T:10924   DEBUG <general>: Thread LanguageInvoker 10924 terminating
2022-04-09 09:00:45.125 T:5232    DEBUG <general>: [Catch-up-TV-&-More.support] Dispatching to route: 'root'
2022-04-09 09:00:45.125 T:5232    DEBUG <general>: [Catch-up-TV-&-More.support] Callback parameters: '{}'
2022-04-09 09:00:45.125 T:5232    DEBUG <general>: [Catch-up-TV-&-More.support] Attempting to import route: resources.lib.main
2022-04-09 09:00:45.369 T:5232    DEBUG <general>: [Catch-up-TV-&-More.route] Listitem Cache: Miss
2022-04-09 09:00:45.424 T:2376    DEBUG <general>: CPythonInvoker(15, C:\Users\foo10\AppData\Roaming\Kodi\addons\script.openweathermap.maps\default.py): script successfully run
2022-04-09 09:00:45.424 T:2376    DEBUG <general>: CPythonInvoker::onExecutionDone(15, C:\Users\foo10\AppData\Roaming\Kodi\addons\script.openweathermap.maps\default.py)
2022-04-09 09:00:45.490 T:2376    DEBUG <general>: .
2022-04-09 09:00:45.624 T:5200    ERROR <general>: NFS: Failed to mount nfs share:  (nfs_service failed)
2022-04-09 09:00:45.625 T:5200    ERROR <general>: Unable to lookup host: 'folder.jpg'
2022-04-09 09:00:45.630 T:2376    DEBUG <general>: Python interpreter stopped
2022-04-09 09:00:45.631 T:2376    DEBUG <general>: Thread LanguageInvoker 2376 terminating
2022-04-09 09:00:45.638 T:5232  WARNING <general>: Setting most video properties through ListItem.setInfo() is deprecated and might be removed in future Kodi versions. Please use the respective setter in InfoTagVideo.
2022-04-09 09:00:45.639 T:6668    DEBUG <general>: Skipped 3 duplicate messages..
2022-04-09 09:00:45.639 T:6668    DEBUG <general>: Thread waiting 6668 terminating
2022-04-09 09:00:45.639 T:5232    DEBUG <general>: [Catch-up-TV-&-More.support] Route Execution Time: 270ms
2022-04-09 09:00:45.639 T:5232    DEBUG <general>: CPythonInvoker(16, C:\Users\foo10\AppData\Roaming\Kodi\addons\plugin.video.catchuptvandmore\addon.py): script successfully run
2022-04-09 09:00:45.650 T:11636   DEBUG <general>: ------ Window Deinit (DialogBusy.xml) ------
2022-04-09 09:00:45.653 T:10628   DEBUG <general>: Thread BackgroundLoader start, auto delete: false
2022-04-09 09:00:45.659 T:10628   DEBUG <general>: Thread BackgroundLoader 10628 terminating
2022-04-09 09:00:46.361 T:1072    DEBUG <general>: [Discord RP] Setting default
2022-04-09 09:00:46.361 T:1072    DEBUG <general>: [Discord RP] Error while clearing: [Errno 22] Invalid argument
2022-04-09 09:00:46.573 T:11636   DEBUG <general>: Keyboard: scancode: 0x50, sym: 0x112, unicode: 0x00, modifier: 0x0
2022-04-09 09:00:46.574 T:11636   DEBUG <general>: CInputManager::HandleKey: down (0xf081) pressed, window 10025, action is Down
2022-04-09 09:00:46.575 T:11636   DEBUG <general>: ------ Window Deinit (Pointer.xml) ------
2022-04-09 09:00:46.617 T:11636   DEBUG <general>: Keyboard: scancode: 0x50, sym: 0x112, unicode: 0x00, modifier: 0x0
2022-04-09 09:00:46.717 T:11636   DEBUG <general>: Skipped 1 duplicate messages..
2022-04-09 09:00:46.717 T:11636   DEBUG <general>: CInputManager::HandleKey: down (0xf081) pressed, window 10025, action is Down
2022-04-09 09:00:46.767 T:11636   DEBUG <general>: Keyboard: scancode: 0x1c, sym: 0x0d, unicode: 0x0d, modifier: 0x0
2022-04-09 09:00:46.834 T:11636   DEBUG <general>: Keyboard: scancode: 0x50, sym: 0x112, unicode: 0x00, modifier: 0x0
2022-04-09 09:00:46.834 T:11636   DEBUG <general>: CInputManager::HandleKey: return (0xf00d) pressed, window 10025, action is Select
2022-04-09 09:00:46.835 T:11636   DEBUG <general>: CGUIMediaWindow::GetDirectory (plugin://plugin.video.catchuptvandmore/resources/lib/main/generic_menu/?_pickle_=8004954b000000000000007d94288c075f7469746c655f948c1a54c3a96cc3a9766973696f6e2064652072617474726170616765948c08786d6c74765f6964944e8c076974656d5f6964948c067265706c617994752e)
2022-04-09 09:00:46.835 T:11636   DEBUG <general>:   ParentPath = [plugin://plugin.video.catchuptvandmore/]
2022-04-09 09:00:46.835 T:7492    DEBUG <general>: Thread waiting start, auto delete: false
2022-04-09 09:00:46.839 T:1140    DEBUG <general>: CAddonDatabase::SetLastUsed[plugin.video.catchuptvandmore] took 3 ms
2022-04-09 09:00:46.839 T:7492    DEBUG <general>: CScriptRunner: running add-on script Catch-up TV & More('plugin://plugin.video.catchuptvandmore/resources/lib/main/generic_menu/', '1', '?_pickle_=8004954b000000000000007d94288c075f7469746c655f948c1a54c3a96cc3a9766973696f6e2064652072617474726170616765948c08786d6c74765f6964944e8c076974656d5f6964948c067265706c617994752e')
2022-04-09 09:00:46.839 T:7492    DEBUG <general>: CScriptInvocationManager::GetLanguageInvoker - Reusing LanguageInvokerThread 16 for script C:\Users\foo10\AppData\Roaming\Kodi\addons\plugin.video.catchuptvandmore\addon.py
2022-04-09 09:00:46.839 T:5232    DEBUG <general>: initializing python engine.
2022-04-09 09:00:46.839 T:5232    DEBUG <general>: CPythonInvoker(16, C:\Users\foo10\AppData\Roaming\Kodi\addons\plugin.video.catchuptvandmore\addon.py): start processing
2022-04-09 09:00:46.839 T:5232    DEBUG <general>: CPythonInvoker(16, C:\Users\foo10\AppData\Roaming\Kodi\addons\plugin.video.catchuptvandmore\addon.py): entering source directory C:\Users\foo10\AppData\Roaming\Kodi\addons\plugin.video.catchuptvandmore
2022-04-09 09:00:46.840 T:5232    DEBUG <general>: CPythonInvoker(16, C:\Users\foo10\AppData\Roaming\Kodi\addons\plugin.video.catchuptvandmore\addon.py): instantiating addon using automatically obtained id of "plugin.video.catchuptvandmore" dependent on version 0.0.0 of the xbmc.python api
2022-04-09 09:00:46.840 T:5232    DEBUG <general>: [Catch-up-TV-&-More.support] Dispatching to route: '/resources/lib/main/generic_menu/'
2022-04-09 09:00:46.840 T:5232    DEBUG <general>: [Catch-up-TV-&-More.support] Callback parameters: '{'xmltv_id': None, 'item_id': 'replay'}'
2022-04-09 09:00:46.840 T:5232    DEBUG <general>: [Catch-up-TV-&-More.route] Listitem Cache: Miss
2022-04-09 09:00:46.937 T:11636   DEBUG <general>: ------ Window Init (DialogBusy.xml) ------
2022-04-09 09:00:46.947 T:11636   DEBUG <general>: Keyboard: scancode: 0x1c, sym: 0x0d, unicode: 0x00, modifier: 0x0
2022-04-09 09:00:46.947 T:5232  WARNING <general>: Setting most video properties through ListItem.setInfo() is deprecated and might be removed in future Kodi versions. Please use the respective setter in InfoTagVideo.
2022-04-09 09:00:46.949 T:5232    DEBUG <general>: Skipped 10 duplicate messages..
2022-04-09 09:00:46.949 T:5232    DEBUG <general>: [Catch-up-TV-&-More.support] Route Execution Time: 108ms
2022-04-09 09:00:46.949 T:5232    DEBUG <general>: CPythonInvoker(16, C:\Users\foo10\AppData\Roaming\Kodi\addons\plugin.video.catchuptvandmore\addon.py): script successfully run
2022-04-09 09:00:46.949 T:7492    DEBUG <general>: Thread waiting 7492 terminating
2022-04-09 09:00:46.955 T:11636   DEBUG <general>: ------ Window Deinit (DialogBusy.xml) ------
2022-04-09 09:00:46.958 T:7400    DEBUG <general>: Thread BackgroundLoader start, auto delete: false
2022-04-09 09:00:46.963 T:7400    DEBUG <general>: Thread BackgroundLoader 7400 terminating
2022-04-09 09:00:47.684 T:11636   DEBUG <general>: Keyboard: scancode: 0x50, sym: 0x112, unicode: 0x00, modifier: 0x0
2022-04-09 09:00:47.684 T:11636   DEBUG <general>: CInputManager::HandleKey: down (0xf081) pressed, window 10025, action is Down
2022-04-09 09:00:47.750 T:11636   DEBUG <general>: Keyboard: scancode: 0x1c, sym: 0x0d, unicode: 0x0d, modifier: 0x0
2022-04-09 09:00:47.784 T:11636   DEBUG <general>: Keyboard: scancode: 0x50, sym: 0x112, unicode: 0x00, modifier: 0x0
2022-04-09 09:00:47.784 T:11636   DEBUG <general>: CInputManager::HandleKey: return (0xf00d) pressed, window 10025, action is Select
2022-04-09 09:00:47.785 T:11636   DEBUG <general>: CGUIMediaWindow::GetDirectory (plugin://plugin.video.catchuptvandmore/resources/lib/main/generic_menu/?_pickle_=8004953a000000000000007d94288c075f7469746c655f948c064672616e6365948c08786d6c74765f6964944e8c076974656d5f6964948c0966725f7265706c617994752e)
2022-04-09 09:00:47.785 T:11636   DEBUG <general>:   ParentPath = [plugin://plugin.video.catchuptvandmore/resources/lib/main/generic_menu/?_pickle_=8004954b000000000000007d94288c075f7469746c655f948c1a54c3a96cc3a9766973696f6e2064652072617474726170616765948c08786d6c74765f6964944e8c076974656d5f6964948c067265706c617994752e]
2022-04-09 09:00:47.785 T:8604    DEBUG <general>: Thread waiting start, auto delete: false
2022-04-09 09:00:47.789 T:5200    DEBUG <general>: CAddonDatabase::SetLastUsed[plugin.video.catchuptvandmore] took 4 ms
2022-04-09 09:00:47.789 T:8604    DEBUG <general>: CScriptRunner: running add-on script Catch-up TV & More('plugin://plugin.video.catchuptvandmore/resources/lib/main/generic_menu/', '1', '?_pickle_=8004953a000000000000007d94288c075f7469746c655f948c064672616e6365948c08786d6c74765f6964944e8c076974656d5f6964948c0966725f7265706c617994752e')
2022-04-09 09:00:47.789 T:8604    DEBUG <general>: CScriptInvocationManager::GetLanguageInvoker - Reusing LanguageInvokerThread 16 for script C:\Users\foo10\AppData\Roaming\Kodi\addons\plugin.video.catchuptvandmore\addon.py
2022-04-09 09:00:47.789 T:5232    DEBUG <general>: initializing python engine.
2022-04-09 09:00:47.790 T:5232    DEBUG <general>: CPythonInvoker(16, C:\Users\foo10\AppData\Roaming\Kodi\addons\plugin.video.catchuptvandmore\addon.py): start processing
2022-04-09 09:00:47.790 T:5232    DEBUG <general>: CPythonInvoker(16, C:\Users\foo10\AppData\Roaming\Kodi\addons\plugin.video.catchuptvandmore\addon.py): entering source directory C:\Users\foo10\AppData\Roaming\Kodi\addons\plugin.video.catchuptvandmore
2022-04-09 09:00:47.790 T:5232    DEBUG <general>: CPythonInvoker(16, C:\Users\foo10\AppData\Roaming\Kodi\addons\plugin.video.catchuptvandmore\addon.py): instantiating addon using automatically obtained id of "plugin.video.catchuptvandmore" dependent on version 0.0.0 of the xbmc.python api
2022-04-09 09:00:47.790 T:5232    DEBUG <general>: [Catch-up-TV-&-More.support] Dispatching to route: '/resources/lib/main/generic_menu/'
2022-04-09 09:00:47.790 T:5232    DEBUG <general>: [Catch-up-TV-&-More.support] Callback parameters: '{'xmltv_id': None, 'item_id': 'fr_replay'}'
2022-04-09 09:00:47.790 T:5232    DEBUG <general>: [Catch-up-TV-&-More.route] Listitem Cache: Miss
2022-04-09 09:00:47.793 T:5232    DEBUG <CAddonSettings[plugin.video.catchuptvandmore]>: trying to load setting definitions from old format...
2022-04-09 09:00:47.794 T:5232  WARNING <CSettingsManager>: unable to read value of setting "quality"
2022-04-09 09:00:47.794 T:5232  WARNING <CAddonSettings[plugin.video.catchuptvandmore]>: failed to load value "DIALOG" for setting quality
2022-04-09 09:00:47.886 T:11636   DEBUG <general>: ------ Window Init (DialogBusy.xml) ------
2022-04-09 09:00:47.896 T:11636   DEBUG <general>: Keyboard: scancode: 0x1c, sym: 0x0d, unicode: 0x00, modifier: 0x0
2022-04-09 09:00:47.953 T:5232  WARNING <general>: Setting most video properties through ListItem.setInfo() is deprecated and might be removed in future Kodi versions. Please use the respective setter in InfoTagVideo.
2022-04-09 09:00:47.990 T:5232    DEBUG <general>: Skipped 40 duplicate messages..
2022-04-09 09:00:47.990 T:5232    DEBUG <general>: [Catch-up-TV-&-More.support] Route Execution Time: 200ms
2022-04-09 09:00:47.990 T:5232    DEBUG <general>: CPythonInvoker(16, C:\Users\foo10\AppData\Roaming\Kodi\addons\plugin.video.catchuptvandmore\addon.py): script successfully run
2022-04-09 09:00:47.991 T:8604    DEBUG <general>: Thread waiting 8604 terminating
2022-04-09 09:00:48.038 T:11636   DEBUG <general>: ------ Window Deinit (DialogBusy.xml) ------
2022-04-09 09:00:48.042 T:4296    DEBUG <general>: Thread BackgroundLoader start, auto delete: false
2022-04-09 09:00:48.048 T:4296    DEBUG <general>: Thread BackgroundLoader 4296 terminating
2022-04-09 09:00:48.884 T:10508   DEBUG <general>: [WS-Discovery]: The initial servers search has completed successfully with 1 server(s) found:
                                                   127.0.0.1
2022-04-09 09:00:49.100 T:11636   DEBUG <general>: Keyboard: scancode: 0x4d, sym: 0x113, unicode: 0x00, modifier: 0x0
2022-04-09 09:00:49.101 T:11636   DEBUG <general>: CInputManager::HandleKey: right (0xf083) pressed, window 10025, action is Right
2022-04-09 09:00:49.167 T:11636   DEBUG <general>: Keyboard: scancode: 0x4d, sym: 0x113, unicode: 0x00, modifier: 0x0
2022-04-09 09:00:49.300 T:11636   DEBUG <general>: Keyboard: scancode: 0x50, sym: 0x112, unicode: 0x00, modifier: 0x0
2022-04-09 09:00:49.301 T:11636   DEBUG <general>: CInputManager::HandleKey: down (0xf081) pressed, window 10025, action is Down
2022-04-09 09:00:49.303 T:5200    DEBUG <general>: ffmpeg[0x1f5ab0d74b0]: [image2] Custom AVIOContext makes no sense and will be ignored with AVFMT_NOFILE format.
2022-04-09 09:00:49.367 T:11636   DEBUG <general>: Keyboard: scancode: 0x50, sym: 0x112, unicode: 0x00, modifier: 0x0
2022-04-09 09:00:49.600 T:11636   DEBUG <general>: Keyboard: scancode: 0x4b, sym: 0x114, unicode: 0x00, modifier: 0x0
2022-04-09 09:00:49.601 T:11636   DEBUG <general>: CInputManager::HandleKey: left (0xf082) pressed, window 10025, action is Left
2022-04-09 09:00:49.684 T:11636   DEBUG <general>: Keyboard: scancode: 0x4b, sym: 0x114, unicode: 0x00, modifier: 0x0
2022-04-09 09:00:50.217 T:11636   DEBUG <general>: Keyboard: scancode: 0x50, sym: 0x112, unicode: 0x00, modifier: 0x0
2022-04-09 09:00:50.217 T:11636   DEBUG <general>: CInputManager::HandleKey: down (0xf081) pressed, window 10025, action is Down
2022-04-09 09:00:50.224 T:2256    DEBUG <general>: ffmpeg[0x1f5acb9b520]: [image2] Custom AVIOContext makes no sense and will be ignored with AVFMT_NOFILE format.
2022-04-09 09:00:50.300 T:11636   DEBUG <general>: Keyboard: scancode: 0x50, sym: 0x112, unicode: 0x00, modifier: 0x0
2022-04-09 09:00:50.401 T:11636   DEBUG <general>: Skipped 1 duplicate messages..
2022-04-09 09:00:50.401 T:11636   DEBUG <general>: CInputManager::HandleKey: down (0xf081) pressed, window 10025, action is Down
2022-04-09 09:00:50.402 T:5200    ERROR <general>: CImageLoader::DoWork - Direct texture file loading failed for resource://resource.images.catchuptvandmore/channels/fr/francetvsport_fanart.jpg
2022-04-09 09:00:50.402 T:5200    DEBUG <general>: CTextureCacheJob::GetImageHash - unable to stat url resource://resource.images.catchuptvandmore/channels/fr/francetvsport_fanart.jpg
2022-04-09 09:00:50.467 T:11636   DEBUG <general>: Keyboard: scancode: 0x50, sym: 0x112, unicode: 0x00, modifier: 0x0
2022-04-09 09:00:50.584 T:11636   DEBUG <general>: Skipped 1 duplicate messages..
2022-04-09 09:00:50.584 T:11636   DEBUG <general>: CInputManager::HandleKey: down (0xf081) pressed, window 10025, action is Down
2022-04-09 09:00:50.586 T:10312   DEBUG <general>: ffmpeg[0x1f5ab0da0c0]: [image2] Custom AVIOContext makes no sense and will be ignored with AVFMT_NOFILE format.
2022-04-09 09:00:50.650 T:11636   DEBUG <general>: Keyboard: scancode: 0x50, sym: 0x112, unicode: 0x00, modifier: 0x0
2022-04-09 09:00:50.751 T:11636   DEBUG <general>: Skipped 1 duplicate messages..
2022-04-09 09:00:50.751 T:11636   DEBUG <general>: CInputManager::HandleKey: down (0xf081) pressed, window 10025, action is Down
2022-04-09 09:00:50.751 T:10312   ERROR <general>: CImageLoader::DoWork - Direct texture file loading failed for resource://resource.images.catchuptvandmore/channels/fr/gameone_fanart.jpg
2022-04-09 09:00:50.752 T:10312   DEBUG <general>: CTextureCacheJob::GetImageHash - unable to stat url resource://resource.images.catchuptvandmore/channels/fr/gameone_fanart.jpg
2022-04-09 09:00:50.834 T:11636   DEBUG <general>: Keyboard: scancode: 0x50, sym: 0x112, unicode: 0x00, modifier: 0x0
2022-04-09 09:00:50.984 T:11636   DEBUG <general>: Skipped 1 duplicate messages..
2022-04-09 09:00:50.984 T:11636   DEBUG <general>: CInputManager::HandleKey: down (0xf081) pressed, window 10025, action is Down
2022-04-09 09:00:50.985 T:1140    ERROR <general>: CImageLoader::DoWork - Direct texture file loading failed for resource://resource.images.catchuptvandmore/channels/fr/gong_fanart.jpg
2022-04-09 09:00:50.985 T:1140    DEBUG <general>: CTextureCacheJob::GetImageHash - unable to stat url resource://resource.images.catchuptvandmore/channels/fr/gong_fanart.jpg
2022-04-09 09:00:51.067 T:11636   DEBUG <general>: Keyboard: scancode: 0x50, sym: 0x112, unicode: 0x00, modifier: 0x0
2022-04-09 09:00:51.167 T:11636   DEBUG <general>: Skipped 1 duplicate messages..
2022-04-09 09:00:51.167 T:11636   DEBUG <general>: CInputManager::HandleKey: down (0xf081) pressed, window 10025, action is Down
2022-04-09 09:00:51.168 T:2256    ERROR <general>: CImageLoader::DoWork - Direct texture file loading failed for resource://resource.images.catchuptvandmore/channels/fr/histoire_fanart.jpg
2022-04-09 09:00:51.168 T:2256    DEBUG <general>: CTextureCacheJob::GetImageHash - unable to stat url resource://resource.images.catchuptvandmore/channels/fr/histoire_fanart.jpg
2022-04-09 09:00:51.234 T:11636   DEBUG <general>: Keyboard: scancode: 0x50, sym: 0x112, unicode: 0x00, modifier: 0x0
2022-04-09 09:00:51.317 T:11636   DEBUG <general>: Skipped 1 duplicate messages..
2022-04-09 09:00:51.317 T:11636   DEBUG <general>: CInputManager::HandleKey: down (0xf081) pressed, window 10025, action is Down
2022-04-09 09:00:51.318 T:5200    ERROR <general>: CImageLoader::DoWork - Direct texture file loading failed for resource://resource.images.catchuptvandmore/channels/fr/jone_fanart.jpg
2022-04-09 09:00:51.318 T:5200    DEBUG <general>: CTextureCacheJob::GetImageHash - unable to stat url resource://resource.images.catchuptvandmore/channels/fr/jone_fanart.jpg
2022-04-09 09:00:51.362 T:1072    DEBUG <general>: [Discord RP] Setting default
2022-04-09 09:00:51.362 T:1072    DEBUG <general>: [Discord RP] Error while clearing: [Errno 22] Invalid argument
2022-04-09 09:00:51.384 T:11636   DEBUG <general>: Keyboard: scancode: 0x50, sym: 0x112, unicode: 0x00, modifier: 0x0
2022-04-09 09:00:51.467 T:11636   DEBUG <general>: Skipped 1 duplicate messages..
2022-04-09 09:00:51.467 T:11636   DEBUG <general>: CInputManager::HandleKey: down (0xf081) pressed, window 10025, action is Down
2022-04-09 09:00:51.468 T:5200    ERROR <general>: CImageLoader::DoWork - Direct texture file loading failed for resource://resource.images.catchuptvandmore/channels/fr/jack_fanart.jpg
2022-04-09 09:00:51.468 T:5200    DEBUG <general>: CTextureCacheJob::GetImageHash - unable to stat url resource://resource.images.catchuptvandmore/channels/fr/jack_fanart.jpg
2022-04-09 09:00:51.550 T:11636   DEBUG <general>: Keyboard: scancode: 0x50, sym: 0x112, unicode: 0x00, modifier: 0x0
2022-04-09 09:00:51.651 T:11636   DEBUG <general>: Skipped 1 duplicate messages..
2022-04-09 09:00:51.651 T:11636   DEBUG <general>: CInputManager::HandleKey: down (0xf081) pressed, window 10025, action is Down
2022-04-09 09:00:51.651 T:1140    ERROR <general>: CImageLoader::DoWork - Direct texture file loading failed for resource://resource.images.catchuptvandmore/channels/fr/kto_fanart.jpg
2022-04-09 09:00:51.652 T:1140    DEBUG <general>: CTextureCacheJob::GetImageHash - unable to stat url resource://resource.images.catchuptvandmore/channels/fr/kto_fanart.jpg
2022-04-09 09:00:51.717 T:11636   DEBUG <general>: Keyboard: scancode: 0x50, sym: 0x112, unicode: 0x00, modifier: 0x0
2022-04-09 09:00:51.801 T:11636   DEBUG <general>: Skipped 1 duplicate messages..
2022-04-09 09:00:51.801 T:11636   DEBUG <general>: CInputManager::HandleKey: down (0xf081) pressed, window 10025, action is Down
2022-04-09 09:00:51.802 T:5200    DEBUG <general>: ffmpeg[0x1f5ab0d74b0]: [image2] Custom AVIOContext makes no sense and will be ignored with AVFMT_NOFILE format.
2022-04-09 09:00:51.884 T:11636   DEBUG <general>: Keyboard: scancode: 0x50, sym: 0x112, unicode: 0x00, modifier: 0x0
2022-04-09 09:00:51.984 T:11636   DEBUG <general>: Skipped 1 duplicate messages..
2022-04-09 09:00:51.984 T:11636   DEBUG <general>: CInputManager::HandleKey: down (0xf081) pressed, window 10025, action is Down
2022-04-09 09:00:51.986 T:1140    DEBUG <general>: ffmpeg[0x1f5ab0d9dd0]: [image2] Custom AVIOContext makes no sense and will be ignored with AVFMT_NOFILE format.
2022-04-09 09:00:52.050 T:11636   DEBUG <general>: Keyboard: scancode: 0x50, sym: 0x112, unicode: 0x00, modifier: 0x0
2022-04-09 09:00:52.151 T:11636   DEBUG <general>: Skipped 1 duplicate messages..
2022-04-09 09:00:52.151 T:11636   DEBUG <general>: CInputManager::HandleKey: down (0xf081) pressed, window 10025, action is Down
2022-04-09 09:00:52.152 T:2256    ERROR <general>: CImageLoader::DoWork - Direct texture file loading failed for resource://resource.images.catchuptvandmore/channels/fr/lumni_fanart.jpg
2022-04-09 09:00:52.152 T:2256    DEBUG <general>: CTextureCacheJob::GetImageHash - unable to stat url resource://resource.images.catchuptvandmore/channels/fr/lumni_fanart.jpg
2022-04-09 09:00:52.234 T:11636   DEBUG <general>: Keyboard: scancode: 0x50, sym: 0x112, unicode: 0x00, modifier: 0x0
2022-04-09 09:00:52.334 T:11636   DEBUG <general>: Skipped 1 duplicate messages..
2022-04-09 09:00:52.334 T:11636   DEBUG <general>: CInputManager::HandleKey: down (0xf081) pressed, window 10025, action is Down
2022-04-09 09:00:52.335 T:5200    ERROR <general>: CImageLoader::DoWork - Direct texture file loading failed for resource://resource.images.catchuptvandmore/channels/fr/luxetv_fanart.jpg
2022-04-09 09:00:52.335 T:5200    DEBUG <general>: CTextureCacheJob::GetImageHash - unable to stat url resource://resource.images.catchuptvandmore/channels/fr/luxetv_fanart.jpg
2022-04-09 09:00:52.400 T:11636   DEBUG <general>: Keyboard: scancode: 0x50, sym: 0x112, unicode: 0x00, modifier: 0x0
2022-04-09 09:00:52.567 T:11636   DEBUG <general>: Skipped 1 duplicate messages..
2022-04-09 09:00:52.567 T:11636   DEBUG <general>: CInputManager::HandleKey: down (0xf081) pressed, window 10025, action is Down
2022-04-09 09:00:52.569 T:5200    DEBUG <general>: ffmpeg[0x1f5ab0d74b0]: [image2] Custom AVIOContext makes no sense and will be ignored with AVFMT_NOFILE format.
2022-04-09 09:00:52.684 T:11636   DEBUG <general>: Keyboard: scancode: 0x50, sym: 0x112, unicode: 0x00, modifier: 0x0
2022-04-09 09:00:52.801 T:11636   DEBUG <general>: Skipped 1 duplicate messages..
2022-04-09 09:00:52.801 T:11636   DEBUG <general>: CInputManager::HandleKey: down (0xf081) pressed, window 10025, action is Down
2022-04-09 09:00:52.801 T:2256    ERROR <general>: CImageLoader::DoWork - Direct texture file loading failed for resource://resource.images.catchuptvandmore/channels/fr/mtv_fr_fanart.jpg
2022-04-09 09:00:52.802 T:2256    DEBUG <general>: CTextureCacheJob::GetImageHash - unable to stat url resource://resource.images.catchuptvandmore/channels/fr/mtv_fr_fanart.jpg
2022-04-09 09:00:52.900 T:11636   DEBUG <general>: Keyboard: scancode: 0x50, sym: 0x112, unicode: 0x00, modifier: 0x0
2022-04-09 09:00:53.034 T:11636   DEBUG <general>: Skipped 1 duplicate messages..
2022-04-09 09:00:53.034 T:11636   DEBUG <general>: CInputManager::HandleKey: down (0xf081) pressed, window 10025, action is Down
2022-04-09 09:00:53.035 T:2256    DEBUG <general>: ffmpeg[0x1f5acb9b520]: [image2] Custom AVIOContext makes no sense and will be ignored with AVFMT_NOFILE format.
2022-04-09 09:00:53.134 T:11636   DEBUG <general>: Keyboard: scancode: 0x1c, sym: 0x0d, unicode: 0x0d, modifier: 0x0
2022-04-09 09:00:53.184 T:11636   DEBUG <general>: Keyboard: scancode: 0x50, sym: 0x112, unicode: 0x00, modifier: 0x0
2022-04-09 09:00:53.184 T:11636   DEBUG <general>: CInputManager::HandleKey: return (0xf00d) pressed, window 10025, action is Select
2022-04-09 09:00:53.185 T:11636   DEBUG <general>: CGUIMediaWindow::GetDirectory (plugin://plugin.video.catchuptvandmore/resources/lib/channels/fr/mycanal/mycanal_root/?_pickle_=80049539000000000000007d94288c075f7469746c655f948c076d7943414e414c948c08786d6c74765f6964944e8c076974656d5f6964948c076d7963616e616c94752e)
2022-04-09 09:00:53.185 T:11636   DEBUG <general>:   ParentPath = [plugin://plugin.video.catchuptvandmore/resources/lib/main/generic_menu/?_pickle_=8004953a000000000000007d94288c075f7469746c655f948c064672616e6365948c08786d6c74765f6964944e8c076974656d5f6964948c0966725f7265706c617994752e]
2022-04-09 09:00:53.185 T:11924   DEBUG <general>: Thread waiting start, auto delete: false
2022-04-09 09:00:53.189 T:10312   DEBUG <general>: CAddonDatabase::SetLastUsed[plugin.video.catchuptvandmore] took 3 ms
2022-04-09 09:00:53.189 T:11924   DEBUG <general>: CScriptRunner: running add-on script Catch-up TV & More('plugin://plugin.video.catchuptvandmore/resources/lib/channels/fr/mycanal/mycanal_root/', '1', '?_pickle_=80049539000000000000007d94288c075f7469746c655f948c076d7943414e414c948c08786d6c74765f6964944e8c076974656d5f6964948c076d7963616e616c94752e')
2022-04-09 09:00:53.189 T:11924   DEBUG <general>: CScriptInvocationManager::GetLanguageInvoker - Reusing LanguageInvokerThread 16 for script C:\Users\foo10\AppData\Roaming\Kodi\addons\plugin.video.catchuptvandmore\addon.py
2022-04-09 09:00:53.189 T:5232    DEBUG <general>: initializing python engine.
2022-04-09 09:00:53.189 T:5232    DEBUG <general>: CPythonInvoker(16, C:\Users\foo10\AppData\Roaming\Kodi\addons\plugin.video.catchuptvandmore\addon.py): start processing
2022-04-09 09:00:53.189 T:5232    DEBUG <general>: CPythonInvoker(16, C:\Users\foo10\AppData\Roaming\Kodi\addons\plugin.video.catchuptvandmore\addon.py): entering source directory C:\Users\foo10\AppData\Roaming\Kodi\addons\plugin.video.catchuptvandmore
2022-04-09 09:00:53.189 T:5232    DEBUG <general>: CPythonInvoker(16, C:\Users\foo10\AppData\Roaming\Kodi\addons\plugin.video.catchuptvandmore\addon.py): instantiating addon using automatically obtained id of "plugin.video.catchuptvandmore" dependent on version 0.0.0 of the xbmc.python api
2022-04-09 09:00:53.190 T:5232    DEBUG <general>: [Catch-up-TV-&-More.support] Dispatching to route: '/resources/lib/channels/fr/mycanal/mycanal_root/'
2022-04-09 09:00:53.190 T:5232    DEBUG <general>: [Catch-up-TV-&-More.support] Callback parameters: '{'xmltv_id': None, 'item_id': 'mycanal'}'
2022-04-09 09:00:53.190 T:5232    DEBUG <general>: [Catch-up-TV-&-More.support] Attempting to import route: resources.lib.channels.fr.mycanal
2022-04-09 09:00:53.204 T:5232    DEBUG <general>: [Catch-up-TV-&-More.route] Listitem Cache: Miss
2022-04-09 09:00:53.286 T:11636   DEBUG <general>: ------ Window Init (DialogBusy.xml) ------
2022-04-09 09:00:53.294 T:11636   DEBUG <general>: Keyboard: scancode: 0x1c, sym: 0x0d, unicode: 0x00, modifier: 0x0
2022-04-09 09:00:53.295 T:5232  WARNING <general>: Setting most video properties through ListItem.setInfo() is deprecated and might be removed in future Kodi versions. Please use the respective setter in InfoTagVideo.
2022-04-09 09:00:53.297 T:5232    DEBUG <general>: Skipped 12 duplicate messages..
2022-04-09 09:00:53.297 T:5232    DEBUG <general>: [Catch-up-TV-&-More.support] Route Execution Time: 92ms
2022-04-09 09:00:53.297 T:5232    DEBUG <general>: CPythonInvoker(16, C:\Users\foo10\AppData\Roaming\Kodi\addons\plugin.video.catchuptvandmore\addon.py): script successfully run
2022-04-09 09:00:53.297 T:11924   DEBUG <general>: Thread waiting 11924 terminating
2022-04-09 09:00:53.302 T:11636   DEBUG <general>: ------ Window Deinit (DialogBusy.xml) ------
2022-04-09 09:00:53.305 T:7556    DEBUG <general>: Thread BackgroundLoader start, auto delete: false
2022-04-09 09:00:53.311 T:7556    DEBUG <general>: Thread BackgroundLoader 7556 terminating
2022-04-09 09:00:53.979 T:11636   DEBUG <general>: Keyboard: scancode: 0x50, sym: 0x112, unicode: 0x00, modifier: 0x0
2022-04-09 09:00:53.979 T:11636   DEBUG <general>: CInputManager::HandleKey: down (0xf081) pressed, window 10025, action is Down
2022-04-09 09:00:53.981 T:2256    DEBUG <general>: ffmpeg[0x1f5acb9b520]: [image2] Custom AVIOContext makes no sense and will be ignored with AVFMT_NOFILE format.
2022-04-09 09:00:54.067 T:11636   DEBUG <general>: Keyboard: scancode: 0x1c, sym: 0x0d, unicode: 0x0d, modifier: 0x0
2022-04-09 09:00:54.117 T:11636   DEBUG <general>: Keyboard: scancode: 0x50, sym: 0x112, unicode: 0x00, modifier: 0x0
2022-04-09 09:00:54.117 T:11636   DEBUG <general>: CInputManager::HandleKey: return (0xf00d) pressed, window 10025, action is Select
2022-04-09 09:00:54.118 T:11636   DEBUG <general>: CGUIMediaWindow::GetDirectory (plugin://plugin.video.catchuptvandmore/resources/lib/channels/fr/mycanal/list_categories/?_pickle_=80049539000000000000007d94288c075f7469746c655f948c0743616e616c202b948c065f617267735f948c1263616e616c706c75732d656e2d636c616972948594752e)
2022-04-09 09:00:54.118 T:11636   DEBUG <general>:   ParentPath = [plugin://plugin.video.catchuptvandmore/resources/lib/channels/fr/mycanal/mycanal_root/?_pickle_=80049539000000000000007d94288c075f7469746c655f948c076d7943414e414c948c08786d6c74765f6964944e8c076974656d5f6964948c076d7963616e616c94752e]
2022-04-09 09:00:54.119 T:7752    DEBUG <general>: Thread waiting start, auto delete: false
2022-04-09 09:00:54.122 T:2256    DEBUG <general>: CAddonDatabase::SetLastUsed[plugin.video.catchuptvandmore] took 4 ms
2022-04-09 09:00:54.123 T:7752    DEBUG <general>: CScriptRunner: running add-on script Catch-up TV & More('plugin://plugin.video.catchuptvandmore/resources/lib/channels/fr/mycanal/list_categories/', '1', '?_pickle_=80049539000000000000007d94288c075f7469746c655f948c0743616e616c202b948c065f617267735f948c1263616e616c706c75732d656e2d636c616972948594752e')
2022-04-09 09:00:54.123 T:7752    DEBUG <general>: CScriptInvocationManager::GetLanguageInvoker - Reusing LanguageInvokerThread 16 for script C:\Users\foo10\AppData\Roaming\Kodi\addons\plugin.video.catchuptvandmore\addon.py
2022-04-09 09:00:54.123 T:5232    DEBUG <general>: initializing python engine.
2022-04-09 09:00:54.123 T:5232    DEBUG <general>: CPythonInvoker(16, C:\Users\foo10\AppData\Roaming\Kodi\addons\plugin.video.catchuptvandmore\addon.py): start processing
2022-04-09 09:00:54.123 T:5232    DEBUG <general>: CPythonInvoker(16, C:\Users\foo10\AppData\Roaming\Kodi\addons\plugin.video.catchuptvandmore\addon.py): entering source directory C:\Users\foo10\AppData\Roaming\Kodi\addons\plugin.video.catchuptvandmore
2022-04-09 09:00:54.123 T:5232    DEBUG <general>: CPythonInvoker(16, C:\Users\foo10\AppData\Roaming\Kodi\addons\plugin.video.catchuptvandmore\addon.py): instantiating addon using automatically obtained id of "plugin.video.catchuptvandmore" dependent on version 0.0.0 of the xbmc.python api
2022-04-09 09:00:54.124 T:5232    DEBUG <general>: [Catch-up-TV-&-More.support] Dispatching to route: '/resources/lib/channels/fr/mycanal/list_categories/'
2022-04-09 09:00:54.124 T:5232    DEBUG <general>: [Catch-up-TV-&-More.support] Callback parameters: '{}'
2022-04-09 09:00:54.124 T:5232    DEBUG <general>: [Catch-up-TV-&-More.route] Listitem Cache: Miss
2022-04-09 09:00:54.221 T:11636   DEBUG <general>: ------ Window Init (DialogBusy.xml) ------
2022-04-09 09:00:54.228 T:11636   DEBUG <general>: Keyboard: scancode: 0x1c, sym: 0x0d, unicode: 0x00, modifier: 0x0
2022-04-09 09:00:54.316 T:5232    DEBUG <general>: [urlquick] Cache is fresh
2022-04-09 09:00:54.354 T:5232  WARNING <general>: Skipped 1 duplicate messages..
2022-04-09 09:00:54.354 T:5232  WARNING <general>: Setting most video properties through ListItem.setInfo() is deprecated and might be removed in future Kodi versions. Please use the respective setter in InfoTagVideo.
2022-04-09 09:00:54.355 T:5232    DEBUG <general>: Skipped 5 duplicate messages..
2022-04-09 09:00:54.355 T:5232    DEBUG <general>: [Catch-up-TV-&-More.support] Route Execution Time: 230ms
2022-04-09 09:00:54.355 T:5232    DEBUG <general>: CPythonInvoker(16, C:\Users\foo10\AppData\Roaming\Kodi\addons\plugin.video.catchuptvandmore\addon.py): script successfully run
2022-04-09 09:00:54.355 T:7752    DEBUG <general>: Thread waiting 7752 terminating
2022-04-09 09:00:54.367 T:11636   DEBUG <general>: ------ Window Deinit (DialogBusy.xml) ------
2022-04-09 09:00:54.370 T:1828    DEBUG <general>: Thread BackgroundLoader start, auto delete: false
2022-04-09 09:00:54.374 T:1828    DEBUG <general>: Thread BackgroundLoader 1828 terminating
2022-04-09 09:00:54.500 T:11636   DEBUG <general>: Keyboard: scancode: 0x50, sym: 0x112, unicode: 0x00, modifier: 0x0
2022-04-09 09:00:54.501 T:11636   DEBUG <general>: CInputManager::HandleKey: down (0xf081) pressed, window 10025, action is Down
2022-04-09 09:00:54.502 T:1140    DEBUG <general>: ffmpeg[0x1f5ab0d9dd0]: [image2] Custom AVIOContext makes no sense and will be ignored with AVFMT_NOFILE format.
2022-04-09 09:00:54.567 T:11636   DEBUG <general>: Keyboard: scancode: 0x50, sym: 0x112, unicode: 0x00, modifier: 0x0
2022-04-09 09:00:54.767 T:11636   DEBUG <general>: Skipped 1 duplicate messages..
2022-04-09 09:00:54.767 T:11636   DEBUG <general>: CInputManager::HandleKey: down (0xf081) pressed, window 10025, action is Down
2022-04-09 09:00:54.850 T:11636   DEBUG <general>: Keyboard: scancode: 0x50, sym: 0x112, unicode: 0x00, modifier: 0x0
2022-04-09 09:00:54.934 T:11636   DEBUG <general>: Skipped 1 duplicate messages..
2022-04-09 09:00:54.934 T:11636   DEBUG <general>: CInputManager::HandleKey: down (0xf081) pressed, window 10025, action is Down
2022-04-09 09:00:55.017 T:11636   DEBUG <general>: Keyboard: scancode: 0x50, sym: 0x112, unicode: 0x00, modifier: 0x0
2022-04-09 09:00:55.110 T:11636   DEBUG <general>: Skipped 1 duplicate messages..
2022-04-09 09:00:55.110 T:11636   DEBUG <general>: CInputManager::HandleKey: down (0xf081) pressed, window 10025, action is Down
2022-04-09 09:00:55.167 T:11636   DEBUG <general>: Keyboard: scancode: 0x50, sym: 0x112, unicode: 0x00, modifier: 0x0
2022-04-09 09:00:55.374 T:11636   DEBUG <general>: Skipped 1 duplicate messages..
2022-04-09 09:00:55.374 T:11636   DEBUG <general>: CInputManager::HandleKey: down (0xf081) pressed, window 10025, action is Down
2022-04-09 09:00:55.467 T:11636   DEBUG <general>: Keyboard: scancode: 0x50, sym: 0x112, unicode: 0x00, modifier: 0x0
2022-04-09 09:00:56.363 T:1072    DEBUG <general>: [Discord RP] Setting default
2022-04-09 09:00:56.363 T:1072    DEBUG <general>: [Discord RP] Error while clearing: [Errno 22] Invalid argument
2022-04-09 09:00:58.009 T:11636   DEBUG <general>: Keyboard: scancode: 0x1c, sym: 0x0d, unicode: 0x0d, modifier: 0x0
2022-04-09 09:00:58.084 T:11636   DEBUG <general>: Keyboard: scancode: 0x1c, sym: 0x0d, unicode: 0x00, modifier: 0x0
2022-04-09 09:00:58.084 T:11636   DEBUG <general>: CInputManager::HandleKey: return (0xf00d) pressed, window 10025, action is Select
2022-04-09 09:00:58.085 T:11636   DEBUG <general>: CGUIMediaWindow::GetDirectory (plugin://plugin.video.catchuptvandmore/resources/lib/channels/fr/mycanal/list_contents/?_pickle_=80049579000000000000007d94288c075f7469746c655f948c154c657320c3a96d697373696f6e732043616e616c2b948c076974656d5f6964948c1263616e616c706c75732d656e2d636c616972948c096b65795f76616c7565948c2463303463316634622d663761302d343836352d383166632d32623465396366636462363594752e)
2022-04-09 09:00:58.085 T:11636   DEBUG <general>:   ParentPath = [plugin://plugin.video.catchuptvandmore/resources/lib/channels/fr/mycanal/list_categories/?_pickle_=80049539000000000000007d94288c075f7469746c655f948c0743616e616c202b948c065f617267735f948c1263616e616c706c75732d656e2d636c616972948594752e]
2022-04-09 09:00:58.085 T:9828    DEBUG <general>: Thread waiting start, auto delete: false
2022-04-09 09:00:58.088 T:1140    DEBUG <general>: CAddonDatabase::SetLastUsed[plugin.video.catchuptvandmore] took 3 ms
2022-04-09 09:00:58.089 T:9828    DEBUG <general>: CScriptRunner: running add-on script Catch-up TV & More('plugin://plugin.video.catchuptvandmore/resources/lib/channels/fr/mycanal/list_contents/', '1', '?_pickle_=80049579000000000000007d94288c075f7469746c655f948c154c657320c3a96d697373696f6e732043616e616c2b948c076974656d5f6964948c1263616e616c706c75732d656e2d636c616972948c096b65795f76616c7565948c2463303463316634622d663761302d343836352d383166632d32623465396366636462363594752e')
2022-04-09 09:00:58.089 T:9828    DEBUG <general>: CScriptInvocationManager::GetLanguageInvoker - Reusing LanguageInvokerThread 16 for script C:\Users\foo10\AppData\Roaming\Kodi\addons\plugin.video.catchuptvandmore\addon.py
2022-04-09 09:00:58.089 T:5232    DEBUG <general>: initializing python engine.
2022-04-09 09:00:58.089 T:5232    DEBUG <general>: CPythonInvoker(16, C:\Users\foo10\AppData\Roaming\Kodi\addons\plugin.video.catchuptvandmore\addon.py): start processing
2022-04-09 09:00:58.089 T:5232    DEBUG <general>: CPythonInvoker(16, C:\Users\foo10\AppData\Roaming\Kodi\addons\plugin.video.catchuptvandmore\addon.py): entering source directory C:\Users\foo10\AppData\Roaming\Kodi\addons\plugin.video.catchuptvandmore
2022-04-09 09:00:58.089 T:5232    DEBUG <general>: CPythonInvoker(16, C:\Users\foo10\AppData\Roaming\Kodi\addons\plugin.video.catchuptvandmore\addon.py): instantiating addon using automatically obtained id of "plugin.video.catchuptvandmore" dependent on version 0.0.0 of the xbmc.python api
2022-04-09 09:00:58.090 T:5232    DEBUG <general>: [Catch-up-TV-&-More.support] Dispatching to route: '/resources/lib/channels/fr/mycanal/list_contents/'
2022-04-09 09:00:58.090 T:5232    DEBUG <general>: [Catch-up-TV-&-More.support] Callback parameters: '{'item_id': 'canalplus-en-clair', 'key_value': 'c04c1f4b-f7a0-4865-81fc-2b4e9cfcdb65'}'
2022-04-09 09:00:58.090 T:5232    DEBUG <general>: [Catch-up-TV-&-More.route] Listitem Cache: Miss
2022-04-09 09:00:58.107 T:5232    DEBUG <general>: [urlquick] Cache is fresh
2022-04-09 09:00:58.186 T:11636   DEBUG <general>: Skipped 1 duplicate messages..
2022-04-09 09:00:58.186 T:11636   DEBUG <general>: ------ Window Init (DialogBusy.xml) ------
2022-04-09 09:00:58.189 T:5232  WARNING <general>: Setting most video properties through ListItem.setInfo() is deprecated and might be removed in future Kodi versions. Please use the respective setter in InfoTagVideo.
2022-04-09 09:00:58.190 T:5232    DEBUG <general>: Skipped 13 duplicate messages..
2022-04-09 09:00:58.190 T:5232    DEBUG <general>: [Catch-up-TV-&-More.support] Route Execution Time: 99ms
2022-04-09 09:00:58.190 T:5232    DEBUG <general>: CPythonInvoker(16, C:\Users\foo10\AppData\Roaming\Kodi\addons\plugin.video.catchuptvandmore\addon.py): script successfully run
2022-04-09 09:00:58.190 T:9828    DEBUG <general>: Thread waiting 9828 terminating
2022-04-09 09:00:58.193 T:11636   DEBUG <general>: ------ Window Deinit (DialogBusy.xml) ------
2022-04-09 09:00:58.195 T:11860   DEBUG <general>: Thread BackgroundLoader start, auto delete: false
2022-04-09 09:00:58.201 T:11860   DEBUG <general>: Thread BackgroundLoader 11860 terminating
2022-04-09 09:00:59.129 T:11636   DEBUG <general>: Keyboard: scancode: 0xe, sym: 0x08, unicode: 0x08, modifier: 0x0
2022-04-09 09:00:59.200 T:11636   DEBUG <general>: Keyboard: scancode: 0xe, sym: 0x08, unicode: 0x00, modifier: 0x0
2022-04-09 09:00:59.201 T:11636   DEBUG <general>: CInputManager::HandleKey: backspace (0xf008) pressed, window 10025, action is Back
2022-04-09 09:00:59.201 T:11636   DEBUG <general>: CGUIMediaWindow::GetDirectory (plugin://plugin.video.catchuptvandmore/resources/lib/channels/fr/mycanal/list_categories/?_pickle_=80049539000000000000007d94288c075f7469746c655f948c0743616e616c202b948c065f617267735f948c1263616e616c706c75732d656e2d636c616972948594752e)
2022-04-09 09:00:59.201 T:11636   DEBUG <general>:   ParentPath = [plugin://plugin.video.catchuptvandmore/resources/lib/channels/fr/mycanal/mycanal_root/?_pickle_=80049539000000000000007d94288c075f7469746c655f948c076d7943414e414c948c08786d6c74765f6964944e8c076974656d5f6964948c076d7963616e616c94752e]
2022-04-09 09:00:59.202 T:10960   DEBUG <general>: Thread waiting start, auto delete: false
2022-04-09 09:00:59.205 T:10312   DEBUG <general>: CAddonDatabase::SetLastUsed[plugin.video.catchuptvandmore] took 4 ms
2022-04-09 09:00:59.205 T:10960   DEBUG <general>: CScriptRunner: running add-on script Catch-up TV & More('plugin://plugin.video.catchuptvandmore/resources/lib/channels/fr/mycanal/list_categories/', '1', '?_pickle_=80049539000000000000007d94288c075f7469746c655f948c0743616e616c202b948c065f617267735f948c1263616e616c706c75732d656e2d636c616972948594752e')
2022-04-09 09:00:59.205 T:10960   DEBUG <general>: CScriptInvocationManager::GetLanguageInvoker - Reusing LanguageInvokerThread 16 for script C:\Users\foo10\AppData\Roaming\Kodi\addons\plugin.video.catchuptvandmore\addon.py
2022-04-09 09:00:59.205 T:5232    DEBUG <general>: initializing python engine.
2022-04-09 09:00:59.206 T:5232    DEBUG <general>: CPythonInvoker(16, C:\Users\foo10\AppData\Roaming\Kodi\addons\plugin.video.catchuptvandmore\addon.py): start processing
2022-04-09 09:00:59.206 T:5232    DEBUG <general>: CPythonInvoker(16, C:\Users\foo10\AppData\Roaming\Kodi\addons\plugin.video.catchuptvandmore\addon.py): entering source directory C:\Users\foo10\AppData\Roaming\Kodi\addons\plugin.video.catchuptvandmore
2022-04-09 09:00:59.206 T:5232    DEBUG <general>: CPythonInvoker(16, C:\Users\foo10\AppData\Roaming\Kodi\addons\plugin.video.catchuptvandmore\addon.py): instantiating addon using automatically obtained id of "plugin.video.catchuptvandmore" dependent on version 0.0.0 of the xbmc.python api
2022-04-09 09:00:59.206 T:5232    DEBUG <general>: [Catch-up-TV-&-More.support] Dispatching to route: '/resources/lib/channels/fr/mycanal/list_categories/'
2022-04-09 09:00:59.206 T:5232    DEBUG <general>: [Catch-up-TV-&-More.support] Callback parameters: '{}'
2022-04-09 09:00:59.206 T:5232    DEBUG <general>: [Catch-up-TV-&-More.route] Listitem Cache: Miss
2022-04-09 09:00:59.223 T:5232    DEBUG <general>: [urlquick] Cache is fresh
2022-04-09 09:00:59.302 T:11636   DEBUG <general>: Skipped 1 duplicate messages..
2022-04-09 09:00:59.302 T:11636   DEBUG <general>: ------ Window Init (DialogBusy.xml) ------
2022-04-09 09:00:59.305 T:5232  WARNING <general>: Setting most video properties through ListItem.setInfo() is deprecated and might be removed in future Kodi versions. Please use the respective setter in InfoTagVideo.
2022-04-09 09:00:59.306 T:5232    DEBUG <general>: Skipped 5 duplicate messages..
